Archive member included because of file (symbol)

/Users/alphajun/Documents/LPCXpresso_7.3.0/workspace/lpc_board_ea_devkit_4088/Debug/liblpc_board_ea_devkit_4088.a(board.o)
                              ./src/FinalProject.o (Board_Init)
/Users/alphajun/Documents/LPCXpresso_7.3.0/workspace/lpc_board_ea_devkit_4088/Debug/liblpc_board_ea_devkit_4088.a(board_sysinit.o)
                              ./src/sysinit.o (Board_SystemInit)
/Users/alphajun/Documents/LPCXpresso_7.3.0/workspace/lpc_board_ea_devkit_4088/Debug/liblpc_board_ea_devkit_4088.a(uda1380.o)
                              /Users/alphajun/Documents/LPCXpresso_7.3.0/workspace/lpc_board_ea_devkit_4088/Debug/liblpc_board_ea_devkit_4088.a(board.o) (UDA1380_Init)
/Users/alphajun/Documents/LPCXpresso_7.3.0/workspace/lpc_chip_40xx/Debug/liblpc_chip_40xx.a(chip_17xx_40xx.o)
                              ./src/FinalProject.o (SystemCoreClockUpdate)
/Users/alphajun/Documents/LPCXpresso_7.3.0/workspace/lpc_chip_40xx/Debug/liblpc_chip_40xx.a(clock_17xx_40xx.o)
                              /Users/alphajun/Documents/LPCXpresso_7.3.0/workspace/lpc_chip_40xx/Debug/liblpc_chip_40xx.a(chip_17xx_40xx.o) (Chip_Clock_SetupPLL)
/Users/alphajun/Documents/LPCXpresso_7.3.0/workspace/lpc_chip_40xx/Debug/liblpc_chip_40xx.a(emc_17xx_40xx.o)
                              /Users/alphajun/Documents/LPCXpresso_7.3.0/workspace/lpc_board_ea_devkit_4088/Debug/liblpc_board_ea_devkit_4088.a(board_sysinit.o) (Chip_EMC_Dynamic_Init)
/Users/alphajun/Documents/LPCXpresso_7.3.0/workspace/lpc_chip_40xx/Debug/liblpc_chip_40xx.a(fpu_init.o)
                              ./src/sysinit.o (fpuInit)
/Users/alphajun/Documents/LPCXpresso_7.3.0/workspace/lpc_chip_40xx/Debug/liblpc_chip_40xx.a(i2c_17xx_40xx.o)
                              /Users/alphajun/Documents/LPCXpresso_7.3.0/workspace/lpc_board_ea_devkit_4088/Debug/liblpc_board_ea_devkit_4088.a(uda1380.o) (Chip_I2C_Init)
/Users/alphajun/Documents/LPCXpresso_7.3.0/workspace/lpc_chip_40xx/Debug/liblpc_chip_40xx.a(i2s_17xx_40xx.o)
                              /Users/alphajun/Documents/LPCXpresso_7.3.0/workspace/lpc_board_ea_devkit_4088/Debug/liblpc_board_ea_devkit_4088.a(board.o) (Chip_I2S_Init)
/Users/alphajun/Documents/LPCXpresso_7.3.0/workspace/lpc_chip_40xx/Debug/liblpc_chip_40xx.a(iocon_17xx_40xx.o)
                              /Users/alphajun/Documents/LPCXpresso_7.3.0/workspace/lpc_board_ea_devkit_4088/Debug/liblpc_board_ea_devkit_4088.a(board_sysinit.o) (Chip_IOCON_SetPinMuxing)
/Users/alphajun/Documents/LPCXpresso_7.3.0/workspace/lpc_chip_40xx/Debug/liblpc_chip_40xx.a(rtc_17xx_40xx.o)
                              ./src/FinalProject.o (Chip_RTC_Enable)
/Users/alphajun/Documents/LPCXpresso_7.3.0/workspace/lpc_chip_40xx/Debug/liblpc_chip_40xx.a(ssp_17xx_40xx.o)
                              /Users/alphajun/Documents/LPCXpresso_7.3.0/workspace/lpc_board_ea_devkit_4088/Debug/liblpc_board_ea_devkit_4088.a(board.o) (Chip_SSP_WriteFrames_Blocking)
/Users/alphajun/Documents/LPCXpresso_7.3.0/workspace/lpc_chip_40xx/Debug/liblpc_chip_40xx.a(sysctl_17xx_40xx.o)
                              /Users/alphajun/Documents/LPCXpresso_7.3.0/workspace/lpc_board_ea_devkit_4088/Debug/liblpc_board_ea_devkit_4088.a(board_sysinit.o) (Chip_SYSCTL_PeriphReset)
/Users/alphajun/Documents/LPCXpresso_7.3.0/workspace/lpc_chip_40xx/Debug/liblpc_chip_40xx.a(sysinit_17xx_40xx.o)
                              /Users/alphajun/Documents/LPCXpresso_7.3.0/workspace/lpc_board_ea_devkit_4088/Debug/liblpc_board_ea_devkit_4088.a(board_sysinit.o) (Chip_SetupXtalClocking)
/Users/alphajun/Documents/LPCXpresso_7.3.0/workspace/lpc_chip_40xx/Debug/liblpc_chip_40xx.a(timer_17xx_40xx.o)
                              ./src/FinalProject.o (Chip_TIMER_Init)
/Users/alphajun/Documents/LPCXpresso_7.3.0/workspace/lpc_chip_40xx/Debug/liblpc_chip_40xx.a(uart_17xx_40xx.o)
                              /Users/alphajun/Documents/LPCXpresso_7.3.0/workspace/lpc_board_ea_devkit_4088/Debug/liblpc_board_ea_devkit_4088.a(board.o) (Chip_UART_TXEnable)
/Users/alphajun/Documents/LPCXpresso_7.3.0/workspace/lpc_chip_40xx/Debug/liblpc_chip_40xx.a(ring_buffer.o)
                              /Users/alphajun/Documents/LPCXpresso_7.3.0/workspace/lpc_chip_40xx/Debug/liblpc_chip_40xx.a(uart_17xx_40xx.o) (RingBuffer_Insert)
/Applications/lpcxpresso_7.3.0_186/lpcxpresso/tools/bin/../lib/gcc/arm-none-eabi/4.8.4/../../../../arm-none-eabi/lib/armv7e-m/softfp/libcr_semihost.a(_cr__main.o)
                              ./src/cr_startup_lpc407x_8x.o (__main)
/Applications/lpcxpresso_7.3.0_186/lpcxpresso/tools/bin/../lib/gcc/arm-none-eabi/4.8.4/../../../../arm-none-eabi/lib/armv7e-m/softfp/libcr_c.a(memcpy.o)
                              /Users/alphajun/Documents/LPCXpresso_7.3.0/workspace/lpc_board_ea_devkit_4088/Debug/liblpc_board_ea_devkit_4088.a(board.o) (memcpy)
/Applications/lpcxpresso_7.3.0_186/lpcxpresso/tools/bin/../lib/gcc/arm-none-eabi/4.8.4/../../../../arm-none-eabi/lib/armv7e-m/softfp/libcr_c.a(initio.o)
[...]
Memory Configuration

Name             Origin             Length             Attributes
MFlash512        0x0000000000000000 0x0000000000080000 xr
RamLoc64         0x0000000010000000 0x0000000000010000 xrw
RamPeriph32      0x0000000020000000 0x0000000000008000 xrw
*default*        0x0000000000000000 0xffffffffffffffff

Linker script and memory map

LOAD ./src/FinalProject.o
LOAD ./src/cr_startup_lpc407x_8x.o
LOAD ./src/crp.o
LOAD ./src/sysinit.o
LOAD /Users/alphajun/Documents/LPCXpresso_7.3.0/workspace/lpc_board_ea_devkit_4088/Debug/liblpc_board_ea_devkit_4088.a
LOAD /Users/alphajun/Documents/LPCXpresso_7.3.0/workspace/lpc_chip_40xx/Debug/liblpc_chip_40xx.a
START GROUP
LOAD /Applications/lpcxpresso_7.3.0_186/lpcxpresso/tools/bin/../lib/gcc/arm-none-eabi/4.8.4/../../../../arm-none-eabi/lib/armv7e-m/softfp/libcr_semihost.a
LOAD /Applications/lpcxpresso_7.3.0_186/lpcxpresso/tools/bin/../lib/gcc/arm-none-eabi/4.8.4/../../../../arm-none-eabi/lib/armv7e-m/softfp/libcr_c.a
LOAD /Applications/lpcxpresso_7.3.0_186/lpcxpresso/tools/bin/../lib/gcc/arm-none-eabi/4.8.4/armv7e-m/softfp/libcr_eabihelpers.a
END GROUP
                0x0000000000080000                __top_MFlash512 = 0x80000
                0x0000000010010000                __top_RamLoc64 = 0x10010000
                0x0000000020008000                __top_RamPeriph32 = 0x20008000

.text           0x0000000000000000     0x2384
 FILL mask 0xff
                0x0000000000000000                __vectors_start__ = ABSOLUTE (.)
 *(.isr_vector)
 .isr_vector    0x0000000000000000       0xe4 ./src/cr_startup_lpc407x_8x.o
                0x0000000000000000                g_pfnVectors
                0x00000000000000e4                . = ALIGN (0x4)
                0x00000000000000e4                __section_table_start = .
                0x00000000000000e4                __data_section_table = .
                0x00000000000000e4        0x4 LONG 0x2384 LOADADDR (.data)
                0x00000000000000e8        0x4 LONG 0x10000000 ADDR (.data)
                0x00000000000000ec        0x4 LONG 0xac0 SIZEOF (.data)
                0x00000000000000f0        0x4 LONG 0x2384 LOADADDR (.data_RAM2)
                0x00000000000000f4        0x4 LONG 0x20000000 ADDR (.data_RAM2)
                0x00000000000000f8        0x4 LONG 0x0 SIZEOF (.data_RAM2)
                0x00000000000000fc                __data_section_table_end = .
                0x00000000000000fc                __bss_section_table = .
                0x00000000000000fc        0x4 LONG 0x10000ac0 ADDR (.bss)
                0x0000000000000100        0x4 LONG 0x10e0 SIZEOF (.bss)
                0x0000000000000104        0x4 LONG 0x20000000 ADDR (.bss_RAM2)
                0x0000000000000108        0x4 LONG 0x0 SIZEOF (.bss_RAM2)
                0x000000000000010c                __bss_section_table_end = .
                0x000000000000010c                __section_table_end = .
 *(.after_vectors*)
 .after_vectors
                0x000000000000010c       0xc0 ./src/cr_startup_lpc407x_8x.o
                0x000000000000010c                NMI_Handler
                0x0000000000000110                HardFault_Handler
                0x0000000000000114                MemManage_Handler
                0x0000000000000118                BusFault_Handler
                0x000000000000011c                UsageFault_Handler
                0x0000000000000120                SVC_Handler
                0x0000000000000124                DebugMon_Handler
                0x0000000000000128                PendSV_Handler
                0x000000000000012c                SysTick_Handler
                0x0000000000000130                EINT3_IRQHandler
                0x0000000000000130                CANActivity_IRQHandler
                0x0000000000000130                UART0_IRQHandler
                0x0000000000000130                IntDefaultHandler
                0x0000000000000130                PLL0_IRQHandler
                0x0000000000000130                CAN_IRQHandler
                0x0000000000000130                PLL1_IRQHandler
                0x0000000000000130                SSP0_IRQHandler
                0x0000000000000130                I2S_IRQHandler
                0x0000000000000130                I2C2_IRQHandler
                0x0000000000000130                SPI_IRQHandler
                0x0000000000000130                LCD_IRQHandler
                0x0000000000000130                EINT1_IRQHandler
                0x0000000000000130                UART2_IRQHandler
                0x0000000000000130                UART4_IRQHandler
                0x0000000000000130                ADC_IRQHandler
                0x0000000000000130                SSP1_IRQHandler
                0x0000000000000130                USB_IRQHandler
                0x0000000000000130                BOD_IRQHandler
                0x0000000000000130                WDT_IRQHandler
                0x0000000000000130                MCPWM_IRQHandler
                0x0000000000000130                RIT_IRQHandler
                0x0000000000000130                I2C0_IRQHandler
                0x0000000000000130                USBActivity_IRQHandler
                0x0000000000000130                PWM1_IRQHandler
                0x0000000000000130                SDIO_IRQHandler
                0x0000000000000130                I2C1_IRQHandler
                0x0000000000000130                EINT2_IRQHandler
                0x0000000000000130                UART1_IRQHandler
                0x0000000000000130                DMA_IRQHandler
                0x0000000000000130                UART3_IRQHandler
                0x0000000000000130                GPIO_IRQHandler
                0x0000000000000130                QEI_IRQHandler
                0x0000000000000130                EINT0_IRQHandler
                0x0000000000000130                ETH_IRQHandler
                0x0000000000000130                PWM0_IRQHandler
                0x0000000000000130                SSP2_IRQHandler
                0x0000000000000130                EEPROM_IRQHandler
                0x0000000000000134                data_init
                0x0000000000000150                bss_init
                0x0000000000000164                ResetISR
                0x00000000000002fc                . = 0x2fc
 *fill*         0x00000000000001cc      0x130 ff
                0x00000000000002fc                PROVIDE (__CRP_WORD_START__, .)
 *(.crp)
 .crp           0x00000000000002fc        0x4 ./src/crp.o
                0x00000000000002fc                CRP_WORD
                0x0000000000000300                PROVIDE (__CRP_WORD_END__, .)
                0x0000000000000001                ASSERT (! ((__CRP_WORD_START__ == __CRP_WORD_END__)), Linker CRP Enabled, but no CRP_WORD provided within application)
 *(.text*)
 .text.RTC_IRQHandler
                0x0000000000000300       0x78 ./src/FinalProject.o
                0x0000000000000300                RTC_IRQHandler
 .text.TIMER1_IRQHandler
                0x0000000000000378       0x1c ./src/FinalProject.o
                0x0000000000000378                TIMER1_IRQHandler
 .text.TIMER3_IRQHandler
                0x0000000000000394      0x170 ./src/FinalProject.o
                0x0000000000000394                TIMER3_IRQHandler
 .text.shiftOut
                0x0000000000000504       0x9c ./src/FinalProject.o
                0x0000000000000504                shiftOut
 .text.spiTransfer
                0x00000000000005a0       0x7c ./src/FinalProject.o
                0x00000000000005a0                spiTransfer
 .text.shutdown
                0x000000000000061c       0x30 ./src/FinalProject.o
                0x000000000000061c                shutdown
 .text.setScanLimit
                0x000000000000064c       0x28 ./src/FinalProject.o
                0x000000000000064c                setScanLimit
 .text.setIntensity
                0x0000000000000674       0x28 ./src/FinalProject.o
                0x0000000000000674                setIntensity
 .text.clearDisplay
                0x000000000000069c       0x40 ./src/FinalProject.o
                0x000000000000069c                clearDisplay
 .text.setRow   0x00000000000006dc       0x2c ./src/FinalProject.o
                0x00000000000006dc                setRow
 .text.TIMER0_IRQHandler
                0x0000000000000708      0x2a8 ./src/FinalProject.o
                0x0000000000000708                TIMER0_IRQHandler
 .text.TIMER2_IRQHandler
                0x00000000000009b0      0x44c ./src/FinalProject.o
                0x00000000000009b0                TIMER2_IRQHandler
 .text.main     0x0000000000000dfc      0x370 ./src/FinalProject.o
                0x0000000000000dfc                main
 .text.SystemInit
                0x000000000000116c       0x1c ./src/sysinit.o
                0x000000000000116c                SystemInit
 .text.Board_LED_Init
                0x0000000000001188       0x30 /Users/alphajun/Documents/LPCXpresso_7.3.0/workspace/lpc_board_ea_devkit_4088/Debug/liblpc_board_ea_devkit_4088.a(board.o)
 .text.Board_UART_Init
                0x00000000000011b8       0x30 /Users/alphajun/Documents/LPCXpresso_7.3.0/workspace/lpc_board_ea_devkit_4088/Debug/liblpc_board_ea_devkit_4088.a(board.o)
                0x00000000000011b8                Board_UART_Init
 .text.Board_Debug_Init
                0x00000000000011e8       0x2c /Users/alphajun/Documents/LPCXpresso_7.3.0/workspace/lpc_board_ea_devkit_4088/Debug/liblpc_board_ea_devkit_4088.a(board.o)
                0x00000000000011e8                Board_Debug_Init
 .text.Board_Init
                0x0000000000001214       0x18 /Users/alphajun/Documents/LPCXpresso_7.3.0/workspace/lpc_board_ea_devkit_4088/Debug/liblpc_board_ea_devkit_4088.a(board.o)
                0x0000000000001214                Board_Init
 .text.Board_SetupMuxing
                0x000000000000122c       0x64 /Users/alphajun/Documents/LPCXpresso_7.3.0/workspace/lpc_board_ea_devkit_4088/Debug/liblpc_board_ea_devkit_4088.a(board_sysinit.o)
                0x000000000000122c                Board_SetupMuxing
 .text.Board_SetupClocking
                0x0000000000001290       0x20 /Users/alphajun/Documents/LPCXpresso_7.3.0/workspace/lpc_board_ea_devkit_4088/Debug/liblpc_board_ea_devkit_4088.a(board_sysinit.o)
                0x0000000000001290                Board_SetupClocking
 .text.Board_SetupExtMemory
                0x00000000000012b0       0x50 /Users/alphajun/Documents/LPCXpresso_7.3.0/workspace/lpc_board_ea_devkit_4088/Debug/liblpc_board_ea_devkit_4088.a(board_sysinit.o)
                0x00000000000012b0                Board_SetupExtMemory
 .text.Board_SystemInit
                0x0000000000001300       0x10 /Users/alphajun/Documents/LPCXpresso_7.3.0/workspace/lpc_board_ea_devkit_4088/Debug/liblpc_board_ea_devkit_4088.a(board_sysinit.o)
                0x0000000000001300                Board_SystemInit
 .text.SystemCoreClockUpdate
                0x0000000000001310       0x10 /Users/alphajun/Documents/LPCXpresso_7.3.0/workspace/lpc_chip_40xx/Debug/liblpc_chip_40xx.a(chip_17xx_40xx.o)
                0x0000000000001310                SystemCoreClockUpdate
 .text.Chip_Clock_EnablePLL
                0x0000000000001320       0x28 /Users/alphajun/Documents/LPCXpresso_7.3.0/workspace/lpc_chip_40xx/Debug/liblpc_chip_40xx.a(clock_17xx_40xx.o)
                0x0000000000001320                Chip_Clock_EnablePLL
 .text.Chip_Clock_DisablePLL
                0x0000000000001348       0x2c /Users/alphajun/Documents/LPCXpresso_7.3.0/workspace/lpc_chip_40xx/Debug/liblpc_chip_40xx.a(clock_17xx_40xx.o)
                0x0000000000001348                Chip_Clock_DisablePLL
 .text.Chip_Clock_SetupPLL
                0x0000000000001374       0x2c /Users/alphajun/Documents/LPCXpresso_7.3.0/workspace/lpc_chip_40xx/Debug/liblpc_chip_40xx.a(clock_17xx_40xx.o)
                0x0000000000001374                Chip_Clock_SetupPLL
 .text.Chip_Clock_EnablePeriphClock
                0x00000000000013a0       0x34 /Users/alphajun/Documents/LPCXpresso_7.3.0/workspace/lpc_chip_40xx/Debug/liblpc_chip_40xx.a(clock_17xx_40xx.o)
                0x00000000000013a0                Chip_Clock_EnablePeriphClock
 .text.Chip_Clock_SetCPUClockSource
                0x00000000000013d4       0x28 /Users/alphajun/Documents/LPCXpresso_7.3.0/workspace/lpc_chip_40xx/Debug/liblpc_chip_40xx.a(clock_17xx_40xx.o)
                0x00000000000013d4                Chip_Clock_SetCPUClockSource
 .text.Chip_Clock_GetCPUClockSource
                0x00000000000013fc       0x18 /Users/alphajun/Documents/LPCXpresso_7.3.0/workspace/lpc_chip_40xx/Debug/liblpc_chip_40xx.a(clock_17xx_40xx.o)
                0x00000000000013fc                Chip_Clock_GetCPUClockSource
 .text.Chip_Clock_SetCPUClockDiv
                0x0000000000001414       0x18 /Users/alphajun/Documents/LPCXpresso_7.3.0/workspace/lpc_chip_40xx/Debug/liblpc_chip_40xx.a(clock_17xx_40xx.o)
                0x0000000000001414                Chip_Clock_SetCPUClockDiv
 .text.Chip_Clock_GetCPUClockDiv
                0x000000000000142c       0x10 /Users/alphajun/Documents/LPCXpresso_7.3.0/workspace/lpc_chip_40xx/Debug/liblpc_chip_40xx.a(clock_17xx_40xx.o)
                0x000000000000142c                Chip_Clock_GetCPUClockDiv
 .text.Chip_Clock_GetSYSCLKRate
                0x000000000000143c       0x2c /Users/alphajun/Documents/LPCXpresso_7.3.0/workspace/lpc_chip_40xx/Debug/liblpc_chip_40xx.a(clock_17xx_40xx.o)
                0x000000000000143c                Chip_Clock_GetSYSCLKRate
 .text.Chip_Clock_GetMainPLLOutClockRate
                0x0000000000001468       0x2c /Users/alphajun/Documents/LPCXpresso_7.3.0/workspace/lpc_chip_40xx/Debug/liblpc_chip_40xx.a(clock_17xx_40xx.o)
                0x0000000000001468                Chip_Clock_GetMainPLLOutClockRate
 .text.Chip_Clock_GetMainClockRate
                0x0000000000001494       0x1c /Users/alphajun/Documents/LPCXpresso_7.3.0/workspace/lpc_chip_40xx/Debug/liblpc_chip_40xx.a(clock_17xx_40xx.o)
                0x0000000000001494                Chip_Clock_GetMainClockRate
 .text.Chip_Clock_GetSystemClockRate
                0x00000000000014b0       0x14 /Users/alphajun/Documents/LPCXpresso_7.3.0/workspace/lpc_chip_40xx/Debug/liblpc_chip_40xx.a(clock_17xx_40xx.o)
                0x00000000000014b0                Chip_Clock_GetSystemClockRate
 .text.Chip_Clock_SetSPIFIClockSource
                0x00000000000014c4       0x18 /Users/alphajun/Documents/LPCXpresso_7.3.0/workspace/lpc_chip_40xx/Debug/liblpc_chip_40xx.a(clock_17xx_40xx.o)
                0x00000000000014c4                Chip_Clock_SetSPIFIClockSource
 .text.Chip_Clock_SetSPIFIClockDiv
                0x00000000000014dc       0x18 /Users/alphajun/Documents/LPCXpresso_7.3.0/workspace/lpc_chip_40xx/Debug/liblpc_chip_40xx.a(clock_17xx_40xx.o)
                0x00000000000014dc                Chip_Clock_SetSPIFIClockDiv
 .text.Chip_Clock_GetPeripheralClockRate
                0x00000000000014f4       0x20 /Users/alphajun/Documents/LPCXpresso_7.3.0/workspace/lpc_chip_40xx/Debug/liblpc_chip_40xx.a(clock_17xx_40xx.o)
                0x00000000000014f4                Chip_Clock_GetPeripheralClockRate
 .text.convertTimmingParam
                0x0000000000001514       0x3c /Users/alphajun/Documents/LPCXpresso_7.3.0/workspace/lpc_chip_40xx/Debug/liblpc_chip_40xx.a(emc_17xx_40xx.o)
 .text.getColsLen
                0x0000000000001550       0x28 /Users/alphajun/Documents/LPCXpresso_7.3.0/workspace/lpc_chip_40xx/Debug/liblpc_chip_40xx.a(emc_17xx_40xx.o)
 .text.initDynMem
                0x0000000000001578      0x178 /Users/alphajun/Documents/LPCXpresso_7.3.0/workspace/lpc_chip_40xx/Debug/liblpc_chip_40xx.a(emc_17xx_40xx.o)
                0x0000000000001578                initDynMem
 .text.initStaticMem
                0x00000000000016f0       0x68 /Users/alphajun/Documents/LPCXpresso_7.3.0/workspace/lpc_chip_40xx/Debug/liblpc_chip_40xx.a(emc_17xx_40xx.o)
                0x00000000000016f0                initStaticMem
 .text.Chip_EMC_Dynamic_Init
                0x0000000000001758       0x28 /Users/alphajun/Documents/LPCXpresso_7.3.0/workspace/lpc_chip_40xx/Debug/liblpc_chip_40xx.a(emc_17xx_40xx.o)
                0x0000000000001758                Chip_EMC_Dynamic_Init
 .text.Chip_EMC_Static_Init
                0x0000000000001780       0x28 /Users/alphajun/Documents/LPCXpresso_7.3.0/workspace/lpc_chip_40xx/Debug/liblpc_chip_40xx.a(emc_17xx_40xx.o)
                0x0000000000001780                Chip_EMC_Static_Init
 .text.Chip_EMC_Init
                0x00000000000017a8       0x24 /Users/alphajun/Documents/LPCXpresso_7.3.0/workspace/lpc_chip_40xx/Debug/liblpc_chip_40xx.a(emc_17xx_40xx.o)
                0x00000000000017a8                Chip_EMC_Init
 .text.fpuInit  0x00000000000017cc       0x58 /Users/alphajun/Documents/LPCXpresso_7.3.0/workspace/lpc_chip_40xx/Debug/liblpc_chip_40xx.a(fpu_init.o)
                0x00000000000017cc                fpuInit
 .text.Chip_IOCON_SetPinMuxing
                0x0000000000001824       0x2c /Users/alphajun/Documents/LPCXpresso_7.3.0/workspace/lpc_chip_40xx/Debug/liblpc_chip_40xx.a(iocon_17xx_40xx.o)
                0x0000000000001824                Chip_IOCON_SetPinMuxing
 .text.Chip_RTC_ResetClockTickCounter
                0x0000000000001850       0x24 /Users/alphajun/Documents/LPCXpresso_7.3.0/workspace/lpc_chip_40xx/Debug/liblpc_chip_40xx.a(rtc_17xx_40xx.o)
                0x0000000000001850                Chip_RTC_ResetClockTickCounter
 .text.Chip_RTC_Enable
                0x0000000000001874       0x20 /Users/alphajun/Documents/LPCXpresso_7.3.0/workspace/lpc_chip_40xx/Debug/liblpc_chip_40xx.a(rtc_17xx_40xx.o)
                0x0000000000001874                Chip_RTC_Enable
 .text.Chip_RTC_CntIncrIntConfig
                0x0000000000001894       0x20 /Users/alphajun/Documents/LPCXpresso_7.3.0/workspace/lpc_chip_40xx/Debug/liblpc_chip_40xx.a(rtc_17xx_40xx.o)
                0x0000000000001894                Chip_RTC_CntIncrIntConfig
 .text.Chip_RTC_AlarmIntConfig
                0x00000000000018b4       0x20 /Users/alphajun/Documents/LPCXpresso_7.3.0/workspace/lpc_chip_40xx/Debug/liblpc_chip_40xx.a(rtc_17xx_40xx.o)
                0x00000000000018b4                Chip_RTC_AlarmIntConfig
 .text.Chip_RTC_SetFullTime
                0x00000000000018d4       0x30 /Users/alphajun/Documents/LPCXpresso_7.3.0/workspace/lpc_chip_40xx/Debug/liblpc_chip_40xx.a(rtc_17xx_40xx.o)
                0x00000000000018d4                Chip_RTC_SetFullTime
 .text.Chip_RTC_SetFullAlarmTime
                0x0000000000001904       0x20 /Users/alphajun/Documents/LPCXpresso_7.3.0/workspace/lpc_chip_40xx/Debug/liblpc_chip_40xx.a(rtc_17xx_40xx.o)
                0x0000000000001904                Chip_RTC_SetFullAlarmTime
 .text.Chip_RTC_CalibCounterCmd
                0x0000000000001924       0x20 /Users/alphajun/Documents/LPCXpresso_7.3.0/workspace/lpc_chip_40xx/Debug/liblpc_chip_40xx.a(rtc_17xx_40xx.o)
                0x0000000000001924                Chip_RTC_CalibCounterCmd
 .text.Chip_RTC_Init
                0x0000000000001944       0x34 /Users/alphajun/Documents/LPCXpresso_7.3.0/workspace/lpc_chip_40xx/Debug/liblpc_chip_40xx.a(rtc_17xx_40xx.o)
                0x0000000000001944                Chip_RTC_Init
 .text.Chip_SYSCTL_PeriphReset
                0x0000000000001978       0x20 /Users/alphajun/Documents/LPCXpresso_7.3.0/workspace/lpc_chip_40xx/Debug/liblpc_chip_40xx.a(sysctl_17xx_40xx.o)
                0x0000000000001978                Chip_SYSCTL_PeriphReset
 .text.Chip_SetupXtalClocking
                0x0000000000001998       0x84 /Users/alphajun/Documents/LPCXpresso_7.3.0/workspace/lpc_chip_40xx/Debug/liblpc_chip_40xx.a(sysinit_17xx_40xx.o)
                0x0000000000001998                Chip_SetupXtalClocking
 .text.Chip_Timer_GetClockIndex
                0x0000000000001a1c       0x2c /Users/alphajun/Documents/LPCXpresso_7.3.0/workspace/lpc_chip_40xx/Debug/liblpc_chip_40xx.a(timer_17xx_40xx.o)
 .text.Chip_TIMER_Init
                0x0000000000001a48        0xc /Users/alphajun/Documents/LPCXpresso_7.3.0/workspace/lpc_chip_40xx/Debug/liblpc_chip_40xx.a(timer_17xx_40xx.o)
                0x0000000000001a48                Chip_TIMER_Init
 .text.Chip_TIMER_Reset
                0x0000000000001a54       0x18 /Users/alphajun/Documents/LPCXpresso_7.3.0/workspace/lpc_chip_40xx/Debug/liblpc_chip_40xx.a(timer_17xx_40xx.o)
                0x0000000000001a54                Chip_TIMER_Reset
 .text.Chip_UART_GetClockIndex
                0x0000000000001a6c       0x38 /Users/alphajun/Documents/LPCXpresso_7.3.0/workspace/lpc_chip_40xx/Debug/liblpc_chip_40xx.a(uart_17xx_40xx.o)
 .text.Chip_UART_TXEnable
                0x0000000000001aa4       0x18 /Users/alphajun/Documents/LPCXpresso_7.3.0/workspace/lpc_chip_40xx/Debug/liblpc_chip_40xx.a(uart_17xx_40xx.o)
                0x0000000000001aa4                Chip_UART_TXEnable
 .text.Chip_UART_TXDisable
                0x0000000000001abc       0x18 /Users/alphajun/Documents/LPCXpresso_7.3.0/workspace/lpc_chip_40xx/Debug/liblpc_chip_40xx.a(uart_17xx_40xx.o)
                0x0000000000001abc                Chip_UART_TXDisable
 .text.Chip_UART_Init
                0x0000000000001ad4       0x40 /Users/alphajun/Documents/LPCXpresso_7.3.0/workspace/lpc_chip_40xx/Debug/liblpc_chip_40xx.a(uart_17xx_40xx.o)
                0x0000000000001ad4                Chip_UART_Init
 .text.Chip_UART_SetBaud
                0x0000000000001b14       0x30 /Users/alphajun/Documents/LPCXpresso_7.3.0/workspace/lpc_chip_40xx/Debug/liblpc_chip_40xx.a(uart_17xx_40xx.o)
                0x0000000000001b14                Chip_UART_SetBaud
 .text.__main   0x0000000000001b44       0x14 /Applications/lpcxpresso_7.3.0_186/lpcxpresso/tools/bin/../lib/gcc/arm-none-eabi/4.8.4/../../../../arm-none-eabi/lib/armv7e-m/softfp/libcr_semihost.a(_cr__main.o)
                0x0000000000001b44                __main
                0x0000000000001b44                __CR_SEMIHOST
 .text._initio  0x0000000000001b58       0xa4 /Applications/lpcxpresso_7.3.0_186/lpcxpresso/tools/bin/../lib/gcc/arm-none-eabi/4.8.4/../../../../arm-none-eabi/lib/armv7e-m/softfp/libcr_c.a(initio.o)
                0x0000000000001b58                _initio
 .text.setvbuf  0x0000000000001bfc       0x40 /Applications/lpcxpresso_7.3.0_186/lpcxpresso/tools/bin/../lib/gcc/arm-none-eabi/4.8.4/../../../../arm-none-eabi/lib/armv7e-m/softfp/libcr_c.a(setvbuf.o)
                0x0000000000001bfc                setvbuf
 .text.memset   0x0000000000001c3c        0x4 /Applications/lpcxpresso_7.3.0_186/lpcxpresso/tools/bin/../lib/gcc/arm-none-eabi/4.8.4/../../../../arm-none-eabi/lib/armv7e-m/softfp/libcr_c.a(memset.o)
                0x0000000000001c3c                memset
 .text._deferredlazyseek
                0x0000000000001c40       0x44 /Applications/lpcxpresso_7.3.0_186/lpcxpresso/tools/bin/../lib/gcc/arm-none-eabi/4.8.4/../../../../arm-none-eabi/lib/armv7e-m/softfp/libcr_c.a(_deferredlazyseek.o)
                0x0000000000001c40                _deferredlazyseek
 .text._fdopen  0x0000000000001c84       0x6a /Applications/lpcxpresso_7.3.0_186/lpcxpresso/tools/bin/../lib/gcc/arm-none-eabi/4.8.4/../../../../arm-none-eabi/lib/armv7e-m/softfp/libcr_c.a(_fdopen.o)
                0x0000000000001c84                _fdopen
 .text._fflush  0x0000000000001cee       0x58 /Applications/lpcxpresso_7.3.0_186/lpcxpresso/tools/bin/../lib/gcc/arm-none-eabi/4.8.4/../../../../arm-none-eabi/lib/armv7e-m/softfp/libcr_c.a(_fflush.o)
                0x0000000000001cee                _fflush
 *fill*         0x0000000000001d46        0x2 
 .text._Cwritebuf
                0x0000000000001d48       0x70 /Applications/lpcxpresso_7.3.0_186/lpcxpresso/tools/bin/../lib/gcc/arm-none-eabi/4.8.4/../../../../arm-none-eabi/lib/armv7e-m/softfp/libcr_c.a(_writebuf.o)
                0x0000000000001d48                _Cwritebuf
 .text.malloc   0x0000000000001db8       0xc4 /Applications/lpcxpresso_7.3.0_186/lpcxpresso/tools/bin/../lib/gcc/arm-none-eabi/4.8.4/../../../../arm-none-eabi/lib/armv7e-m/softfp/libcr_c.a(alloc.o)
                0x0000000000001db8                malloc
 .text.free     0x0000000000001e7c        0xc /Applications/lpcxpresso_7.3.0_186/lpcxpresso/tools/bin/../lib/gcc/arm-none-eabi/4.8.4/../../../../arm-none-eabi/lib/armv7e-m/softfp/libcr_c.a(alloc.o)
                0x0000000000001e7c                free
 .text._Csys_alloc
                0x0000000000001e88       0x20 /Applications/lpcxpresso_7.3.0_186/lpcxpresso/tools/bin/../lib/gcc/arm-none-eabi/4.8.4/../../../../arm-none-eabi/lib/armv7e-m/softfp/libcr_c.a(alloc.o)
                0x0000000000001e88                _Csys_alloc
 .text.fclose   0x0000000000001ea8       0x6c /Applications/lpcxpresso_7.3.0_186/lpcxpresso/tools/bin/../lib/gcc/arm-none-eabi/4.8.4/../../../../arm-none-eabi/lib/armv7e-m/softfp/libcr_c.a(fclose.o)
                0x0000000000001ea8                fclose
 .text.fflush   0x0000000000001f14       0x30 /Applications/lpcxpresso_7.3.0_186/lpcxpresso/tools/bin/../lib/gcc/arm-none-eabi/4.8.4/../../../../arm-none-eabi/lib/armv7e-m/softfp/libcr_c.a(fflush.o)
                0x0000000000001f14                fflush
 .text.fseek    0x0000000000001f44      0x10c /Applications/lpcxpresso_7.3.0_186/lpcxpresso/tools/bin/../lib/gcc/arm-none-eabi/4.8.4/../../../../arm-none-eabi/lib/armv7e-m/softfp/libcr_c.a(fseek.o)
                0x0000000000001f44                fseek
 .text.ftell    0x0000000000002050       0x4c /Applications/lpcxpresso_7.3.0_186/lpcxpresso/tools/bin/../lib/gcc/arm-none-eabi/4.8.4/../../../../arm-none-eabi/lib/armv7e-m/softfp/libcr_c.a(ftell.o)
                0x0000000000002050                ftell
 .text.remove   0x000000000000209c       0x14 /Applications/lpcxpresso_7.3.0_186/lpcxpresso/tools/bin/../lib/gcc/arm-none-eabi/4.8.4/../../../../arm-none-eabi/lib/armv7e-m/softfp/libcr_c.a(remove.o)
                0x000000000000209c                remove
 .text.strlen   0x00000000000020b0       0x4a /Applications/lpcxpresso_7.3.0_186/lpcxpresso/tools/bin/../lib/gcc/arm-none-eabi/4.8.4/../../../../arm-none-eabi/lib/armv7e-m/softfp/libcr_c.a(strlen.o)
                0x00000000000020b0                strlen
 *fill*         0x00000000000020fa        0x2 
 .text._sbrk    0x00000000000020fc       0x40 /Applications/lpcxpresso_7.3.0_186/lpcxpresso/tools/bin/../lib/gcc/arm-none-eabi/4.8.4/../../../../arm-none-eabi/lib/armv7e-m/softfp/libcr_c.a(_cr_sbrk.o)
                0x00000000000020fc                _sbrk
 .text._do_fflush
                0x000000000000213c       0x44 /Applications/lpcxpresso_7.3.0_186/lpcxpresso/tools/bin/../lib/gcc/arm-none-eabi/4.8.4/../../../../arm-none-eabi/lib/armv7e-m/softfp/libcr_c.a(_do_fflush.o)
                0x000000000000213c                _do_fflush
 .text.__check_heap_overflow
                0x0000000000002180       0x18 /Applications/lpcxpresso_7.3.0_186/lpcxpresso/tools/bin/../lib/gcc/arm-none-eabi/4.8.4/../../../../arm-none-eabi/lib/armv7e-m/softfp/libcr_c.a(_cr_check_heap.o)
                0x0000000000002180                __check_heap_overflow
 .text.__aeabi_memset_lowlevel
                0x0000000000002198       0x2c /Applications/lpcxpresso_7.3.0_186/lpcxpresso/tools/bin/../lib/gcc/arm-none-eabi/4.8.4/armv7e-m/softfp/libcr_eabihelpers.a(memcpy.o)
                0x0000000000002198                __aeabi_lowlevel_memset
 .text.__sys_appexit
                0x00000000000021c4        0xc /Applications/lpcxpresso_7.3.0_186/lpcxpresso/tools/bin/../lib/gcc/arm-none-eabi/4.8.4/../../../../arm-none-eabi/lib/armv7e-m/softfp/libcr_semihost.a(__sys_appexit.o)
                0x00000000000021c4                __exit
                0x00000000000021c4                __sys_appexit
 .text.__sys_close
                0x00000000000021d0        0xc /Applications/lpcxpresso_7.3.0_186/lpcxpresso/tools/bin/../lib/gcc/arm-none-eabi/4.8.4/../../../../arm-none-eabi/lib/armv7e-m/softfp/libcr_semihost.a(__sys_close.o)
                0x00000000000021d0                __sys_close
 .text.__sys_flen
                0x00000000000021dc        0xc /Applications/lpcxpresso_7.3.0_186/lpcxpresso/tools/bin/../lib/gcc/arm-none-eabi/4.8.4/../../../../arm-none-eabi/lib/armv7e-m/softfp/libcr_semihost.a(__sys_flen.o)
                0x00000000000021dc                __sys_flen
 .text.__sys_istty
                0x00000000000021e8        0xc /Applications/lpcxpresso_7.3.0_186/lpcxpresso/tools/bin/../lib/gcc/arm-none-eabi/4.8.4/../../../../arm-none-eabi/lib/armv7e-m/softfp/libcr_semihost.a(__sys_istty.o)
                0x00000000000021e8                __sys_istty
 .text.__sys_remove
                0x00000000000021f4        0xc /Applications/lpcxpresso_7.3.0_186/lpcxpresso/tools/bin/../lib/gcc/arm-none-eabi/4.8.4/../../../../arm-none-eabi/lib/armv7e-m/softfp/libcr_semihost.a(__sys_remove.o)
                0x00000000000021f4                __sys_remove
 .text.__sys_seek
                0x0000000000002200        0xc /Applications/lpcxpresso_7.3.0_186/lpcxpresso/tools/bin/../lib/gcc/arm-none-eabi/4.8.4/../../../../arm-none-eabi/lib/armv7e-m/softfp/libcr_semihost.a(__sys_seek.o)
                0x0000000000002200                __sys_seek
 .text.__sys_tmpnam
                0x000000000000220c        0xc /Applications/lpcxpresso_7.3.0_186/lpcxpresso/tools/bin/../lib/gcc/arm-none-eabi/4.8.4/../../../../arm-none-eabi/lib/armv7e-m/softfp/libcr_semihost.a(__sys_tmpnam.o)
                0x000000000000220c                __sys_tmpnam
 .text.__sys_write
                0x0000000000002218        0xc /Applications/lpcxpresso_7.3.0_186/lpcxpresso/tools/bin/../lib/gcc/arm-none-eabi/4.8.4/../../../../arm-none-eabi/lib/armv7e-m/softfp/libcr_semihost.a(__sys_write.o)
                0x0000000000002218                __write
                0x0000000000002218                __sys_write
 *(.rodata .rodata.* .constdata .constdata.*)
 .rodata.OscRateIn
                0x0000000000002224        0x4 /Users/alphajun/Documents/LPCXpresso_7.3.0/workspace/lpc_board_ea_devkit_4088/Debug/liblpc_board_ea_devkit_4088.a(board.o)
                0x0000000000002224                OscRateIn
 .rodata.ledBits
                0x0000000000002228        0x4 /Users/alphajun/Documents/LPCXpresso_7.3.0/workspace/lpc_board_ea_devkit_4088/Debug/liblpc_board_ea_devkit_4088.a(board.o)
 .rodata.IS42S32800D_config
                0x000000000000222c       0x74 /Users/alphajun/Documents/LPCXpresso_7.3.0/workspace/lpc_board_ea_devkit_4088/Debug/liblpc_board_ea_devkit_4088.a(board_sysinit.o)
 .rodata.K9F1G_config
                0x00000000000022a0       0x20 /Users/alphajun/Documents/LPCXpresso_7.3.0/workspace/lpc_board_ea_devkit_4088/Debug/liblpc_board_ea_devkit_4088.a(board_sysinit.o)
 .rodata.SST39VF320_config
                0x00000000000022c0       0x20 /Users/alphajun/Documents/LPCXpresso_7.3.0/workspace/lpc_board_ea_devkit_4088/Debug/liblpc_board_ea_devkit_4088.a(board_sysinit.o)
 .rodata.pinmuxing
                0x00000000000022e0       0x88 /Users/alphajun/Documents/LPCXpresso_7.3.0/workspace/lpc_board_ea_devkit_4088/Debug/liblpc_board_ea_devkit_4088.a(board_sysinit.o)
 .rodata.str1.1
                0x0000000000002368        0x4 /Applications/lpcxpresso_7.3.0_186/lpcxpresso/tools/bin/../lib/gcc/arm-none-eabi/4.8.4/../../../../arm-none-eabi/lib/armv7e-m/softfp/libcr_c.a(initio.o)
 .rodata.str1.1
                0x000000000000236c       0x18 /Applications/lpcxpresso_7.3.0_186/lpcxpresso/tools/bin/../lib/gcc/arm-none-eabi/4.8.4/../../../../arm-none-eabi/lib/armv7e-m/softfp/libcr_c.a(alloc.o)
                0x0000000000002384                . = ALIGN (0x4)

.glue_7         0x0000000000002384        0x0
 .glue_7        0x0000000000000000        0x0 linker stubs

.glue_7t        0x0000000000002384        0x0
 .glue_7t       0x0000000000000000        0x0 linker stubs

.vfp11_veneer   0x0000000000002384        0x0
 .vfp11_veneer  0x0000000000000000        0x0 linker stubs

.v4_bx          0x0000000000002384        0x0
 .v4_bx         0x0000000000000000        0x0 linker stubs

.iplt           0x0000000000002384        0x0
 .iplt          0x0000000000000000        0x0 ./src/FinalProject.o

.rel.dyn        0x0000000000002384        0x0
 .rel.iplt      0x0000000000000000        0x0 ./src/FinalProject.o

.ARM.extab
 *(.ARM.extab* .gnu.linkonce.armextab.*)
                0x0000000000002384                __exidx_start = .

.ARM.exidx
 *(.ARM.exidx* .gnu.linkonce.armexidx.*)
                0x0000000000002384                __exidx_end = .
                0x0000000000002384                _etext = .

.data_RAM2      0x0000000020000000        0x0 load address 0x0000000000002384
 FILL mask 0xff
 *(.ramfunc.$RAM2)
 *(.ramfunc.$RamPeriph32)
 *(.data.$RAM2*)
 *(.data.$RamPeriph32*)
                0x0000000020000000                . = ALIGN (0x4)

.uninit_RESERVED
                0x0000000010000000        0x0
 *(.bss.$RESERVED*)
                0x0000000010000000                . = ALIGN (0x4)
                0x0000000010000000                _end_uninit_RESERVED = .

.data           0x0000000010000000      0xac0 load address 0x0000000000002384
 FILL mask 0xff
                0x0000000010000000                _data = .
 *(vtable)
 *(.ramfunc*)
 *(.data*)
 .data.maxDevices
                0x0000000010000000        0x4 ./src/FinalProject.o
                0x0000000010000000                maxDevices
 .data.catchms  0x0000000010000004      0x364 ./src/FinalProject.o
                0x0000000010000004                catchms
 .data.notefalltime
                0x0000000010000368        0x4 ./src/FinalProject.o
                0x0000000010000368                notefalltime
 .data.rightcontent
                0x000000001000036c        0x4 ./src/FinalProject.o
                0x000000001000036c                rightcontent
 .data.maxnote  0x0000000010000370        0x4 ./src/FinalProject.o
                0x0000000010000370                maxnote
 .data.SPI_CS   0x0000000010000374        0x4 ./src/FinalProject.o
                0x0000000010000374                SPI_CS
 .data.addr3and
                0x0000000010000378        0x4 ./src/FinalProject.o
                0x0000000010000378                addr3and
 .data.noterail
                0x000000001000037c      0x364 ./src/FinalProject.o
                0x000000001000037c                noterail
 .data.SPI_CLK  0x00000000100006e0        0x4 ./src/FinalProject.o
                0x00000000100006e0                SPI_CLK
 .data.catchsecond
                0x00000000100006e4      0x364 ./src/FinalProject.o
                0x00000000100006e4                catchsecond
 .data.perfectthreshold
                0x0000000010000a48        0x4 ./src/FinalProject.o
                0x0000000010000a48                perfectthreshold
 .data.leftcontent
                0x0000000010000a4c        0x4 ./src/FinalProject.o
                0x0000000010000a4c                leftcontent
 .data.addr2and
                0x0000000010000a50        0x4 ./src/FinalProject.o
                0x0000000010000a50                addr2and
 .data.goodthreshold
                0x0000000010000a54        0x4 ./src/FinalProject.o
                0x0000000010000a54                goodthreshold
 .data.Digits   0x0000000010000a58       0x50 ./src/FinalProject.o
                0x0000000010000a58                Digits
 .data.OP_SCANLIMIT
                0x0000000010000aa8        0x1 ./src/FinalProject.o
                0x0000000010000aa8                OP_SCANLIMIT
 .data.OP_DISPLAYTEST
                0x0000000010000aa9        0x1 ./src/FinalProject.o
                0x0000000010000aa9                OP_DISPLAYTEST
 *fill*         0x0000000010000aaa        0x2 
 .data.addr0and
                0x0000000010000aac        0x4 ./src/FinalProject.o
                0x0000000010000aac                addr0and
 .data.OP_SHUTDOWN
                0x0000000010000ab0        0x1 ./src/FinalProject.o
                0x0000000010000ab0                OP_SHUTDOWN
 .data.OP_INTENSITY
                0x0000000010000ab1        0x1 ./src/FinalProject.o
                0x0000000010000ab1                OP_INTENSITY
 *fill*         0x0000000010000ab2        0x2 
 .data.SPI_MOSI
                0x0000000010000ab4        0x4 ./src/FinalProject.o
                0x0000000010000ab4                SPI_MOSI
 .data.addr1and
                0x0000000010000ab8        0x4 ./src/FinalProject.o
                0x0000000010000ab8                addr1and
 .data.OP_DECODEMODE
                0x0000000010000abc        0x1 ./src/FinalProject.o
                0x0000000010000abc                OP_DECODEMODE
                0x0000000010000ac0                . = ALIGN (0x4)
 *fill*         0x0000000010000abd        0x3 ff
                0x0000000010000ac0                _edata = .

.igot.plt       0x0000000010000ac0        0x0 load address 0x0000000000002e44
 .igot.plt      0x0000000000000000        0x0 ./src/FinalProject.o

.bss_RAM2       0x0000000020000000        0x0
 *(.bss.$RAM2*)
 *(.bss.$RamPeriph32*)
                0x0000000020000000                . = ALIGN (0x4)

.bss            0x0000000010000ac0     0x10e0
                0x0000000010000ac0                _bss = .
 *(.bss*)
 .bss.second    0x0000000010000ac0        0x4 ./src/FinalProject.o
                0x0000000010000ac0                second
 .bss.FinalClearDisplay
                0x0000000010000ac4        0x1 ./src/FinalProject.o
                0x0000000010000ac4                FinalClearDisplay
 *fill*         0x0000000010000ac5        0x3 
 .bss.notems    0x0000000010000ac8      0x364 ./src/FinalProject.o
                0x0000000010000ac8                notems
 .bss.currentcatch
                0x0000000010000e2c        0x4 ./src/FinalProject.o
                0x0000000010000e2c                currentcatch
 .bss.state     0x0000000010000e30        0x4 ./src/FinalProject.o
                0x0000000010000e30                state
 .bss.row1content
                0x0000000010000e34        0x4 ./src/FinalProject.o
                0x0000000010000e34                row1content
 .bss.next      0x0000000010000e38        0xc ./src/FinalProject.o
                0x0000000010000e38                next
 .bss.right_range
                0x0000000010000e44      0x364 ./src/FinalProject.o
                0x0000000010000e44                right_range
 .bss.currentnote
                0x00000000100011a8        0x4 ./src/FinalProject.o
                0x00000000100011a8                currentnote
 .bss.row2content
                0x00000000100011ac        0x4 ./src/FinalProject.o
                0x00000000100011ac                row2content
 .bss.dual      0x00000000100011b0        0x1 ./src/FinalProject.o
                0x00000000100011b0                dual
 *fill*         0x00000000100011b1        0x3 
 .bss.milisecond
                0x00000000100011b4        0x4 ./src/FinalProject.o
                0x00000000100011b4                milisecond
 .bss.left_range
                0x00000000100011b8      0x364 ./src/FinalProject.o
                0x00000000100011b8                left_range
 .bss.current_time
                0x000000001000151c        0x4 ./src/FinalProject.o
                0x000000001000151c                current_time
 .bss.goodcaught
                0x0000000010001520       0xdc ./src/FinalProject.o
                0x0000000010001520                goodcaught
 .bss.nextcatch
                0x00000000100015fc       0x2c ./src/FinalProject.o
                0x00000000100015fc                nextcatch
 .bss.fallcounter
                0x0000000010001628        0x4 ./src/FinalProject.o
                0x0000000010001628                fallcounter
 .bss.row0content
                0x000000001000162c        0x4 ./src/FinalProject.o
                0x000000001000162c                row0content
 .bss.notesecond
                0x0000000010001630      0x364 ./src/FinalProject.o
                0x0000000010001630                notesecond
 .bss.errno     0x0000000010001994        0x4 /Applications/lpcxpresso_7.3.0_186/lpcxpresso/tools/bin/../lib/gcc/arm-none-eabi/4.8.4/../../../../arm-none-eabi/lib/armv7e-m/softfp/libcr_c.a(errno.o)
                0x0000000010001994                errno
 *(COMMON)
 COMMON         0x0000000010001998       0xb8 ./src/FinalProject.o
                0x0000000010001998                addr1leftcontent
                0x000000001000199c                FullTime
                0x00000000100019bc                addr0row2content
                0x00000000100019bd                addr1rightcontent
                0x00000000100019c0                nextcatchperfectlowms
                0x00000000100019c4                addr1row0content
                0x00000000100019c5                addr3row0content
                0x00000000100019c6                addr3leftcontent
                0x00000000100019c8                nextcatchgoodlowsecond
                0x00000000100019cc                addr3row2content
                0x00000000100019cd                addr2row2content
                0x00000000100019ce                addr0row1content
                0x00000000100019d0                nextcatchgoodlowms
                0x00000000100019d4                addr0rightcontent
                0x00000000100019d8                nextcatchperfectlowsecond
                0x00000000100019dc                nextcatchgoodhighsecond
                0x00000000100019e0                addr1row1content
                0x00000000100019e4                nextcatchperfecthighms
                0x00000000100019e8                addr2leftcontent
                0x00000000100019ec                nextcatchgoodhighms
                0x00000000100019f0                addr2row1content
                0x00000000100019f1                addr0row0content
                0x00000000100019f4                spidata
                0x0000000010001a04                addr2rightcontent
                0x0000000010001a05                addr3row1content
                0x0000000010001a08                nextcatchperfecthighsecond
                0x0000000010001a0c                addr0leftcontent
                0x0000000010001a0d                addr3rightcontent
                0x0000000010001a0e                addr2row0content
                0x0000000010001a0f                addr1row2content
                0x0000000010001a10                status
 COMMON         0x0000000010001a50        0x4 /Users/alphajun/Documents/LPCXpresso_7.3.0/workspace/lpc_chip_40xx/Debug/liblpc_chip_40xx.a(chip_17xx_40xx.o)
                0x0000000010001a50                SystemCoreClock
 COMMON         0x0000000010001a54        0x4 /Applications/lpcxpresso_7.3.0_186/lpcxpresso/tools/bin/../lib/gcc/arm-none-eabi/4.8.4/../../../../arm-none-eabi/lib/armv7e-m/softfp/libcr_c.a(initio.o)
                0x0000000010001a54                _extra
 COMMON         0x0000000010001a58      0x140 /Applications/lpcxpresso_7.3.0_186/lpcxpresso/tools/bin/../lib/gcc/arm-none-eabi/4.8.4/../../../../arm-none-eabi/lib/armv7e-m/softfp/libcr_c.a(stdio.o)
                0x0000000010001a58                __Ciob
 COMMON         0x0000000010001b98        0x8 /Applications/lpcxpresso_7.3.0_186/lpcxpresso/tools/bin/../lib/gcc/arm-none-eabi/4.8.4/../../../../arm-none-eabi/lib/armv7e-m/softfp/libcr_c.a(__init_alloc.o)
                0x0000000010001b98                __heaps
                0x0000000010001b9c                __end_of_heap
                0x0000000010001ba0                . = ALIGN (0x4)
                0x0000000010001ba0                _ebss = .
                0x0000000010001ba0                PROVIDE (end, .)

.noinit_RAM2    0x0000000020000000        0x0
 *(.noinit.$RAM2*)
 *(.noinit.$RamPeriph32*)
                0x0000000020000000                . = ALIGN (0x4)

.noinit         0x0000000010001ba0        0x0
                0x0000000010001ba0                _noinit = .
 *(.noinit*)
                0x0000000010001ba0                . = ALIGN (0x4)
                0x0000000010001ba0                _end_noinit = .
                0x0000000010001ba0                PROVIDE (_pvHeapStart, .)
                0x0000000010010000                PROVIDE (_vStackTop, (__top_RamLoc64 - 0x0))
OUTPUT(FinalProject.axf elf32-littlearm)

.debug_info     0x0000000000000000     0xc1a4
 .debug_info    0x0000000000000000     0x27e5 ./src/FinalProject.o
 .debug_info    0x00000000000027e5      0x29b ./src/cr_startup_lpc407x_8x.o
 .debug_info    0x0000000000002a80       0x3f ./src/crp.o
 .debug_info    0x0000000000002abf      0x132 ./src/sysinit.o
 .debug_info    0x0000000000002bf1     0x39db /Users/alphajun/Documents/LPCXpresso_7.3.0/workspace/lpc_board_ea_devkit_4088/Debug/liblpc_board_ea_devkit_4088.a(board.o)
 .debug_info    0x00000000000065cc      0xc43 /Users/alphajun/Documents/LPCXpresso_7.3.0/workspace/lpc_board_ea_devkit_4088/Debug/liblpc_board_ea_devkit_4088.a(board_sysinit.o)
 .debug_info    0x000000000000720f      0x65c /Users/alphajun/Documents/LPCXpresso_7.3.0/workspace/lpc_chip_40xx/Debug/liblpc_chip_40xx.a(chip_17xx_40xx.o)
 .debug_info    0x000000000000786b      0xc77 /Users/alphajun/Documents/LPCXpresso_7.3.0/workspace/lpc_chip_40xx/Debug/liblpc_chip_40xx.a(clock_17xx_40xx.o)
 .debug_info    0x00000000000084e2      0xea5 /Users/alphajun/Documents/LPCXpresso_7.3.0/workspace/lpc_chip_40xx/Debug/liblpc_chip_40xx.a(emc_17xx_40xx.o)
 .debug_info    0x0000000000009387      0x12f /Users/alphajun/Documents/LPCXpresso_7.3.0/workspace/lpc_chip_40xx/Debug/liblpc_chip_40xx.a(fpu_init.o)
 .debug_info    0x00000000000094b6      0x216 /Users/alphajun/Documents/LPCXpresso_7.3.0/workspace/lpc_chip_40xx/Debug/liblpc_chip_40xx.a(iocon_17xx_40xx.o)
 .debug_info    0x00000000000096cc      0x79f /Users/alphajun/Documents/LPCXpresso_7.3.0/workspace/lpc_chip_40xx/Debug/liblpc_chip_40xx.a(rtc_17xx_40xx.o)
 .debug_info    0x0000000000009e6b      0x501 /Users/alphajun/Documents/LPCXpresso_7.3.0/workspace/lpc_chip_40xx/Debug/liblpc_chip_40xx.a(sysctl_17xx_40xx.o)
 .debug_info    0x000000000000a36c      0x705 /Users/alphajun/Documents/LPCXpresso_7.3.0/workspace/lpc_chip_40xx/Debug/liblpc_chip_40xx.a(sysinit_17xx_40xx.o)
 .debug_info    0x000000000000aa71      0x44a /Users/alphajun/Documents/LPCXpresso_7.3.0/workspace/lpc_chip_40xx/Debug/liblpc_chip_40xx.a(timer_17xx_40xx.o)
 .debug_info    0x000000000000aebb     0x12e9 /Users/alphajun/Documents/LPCXpresso_7.3.0/workspace/lpc_chip_40xx/Debug/liblpc_chip_40xx.a(uart_17xx_40xx.o)

.debug_abbrev   0x0000000000000000     0x208b
 .debug_abbrev  0x0000000000000000      0x396 ./src/FinalProject.o
 .debug_abbrev  0x0000000000000396      0x120 ./src/cr_startup_lpc407x_8x.o
 .debug_abbrev  0x00000000000004b6       0x36 ./src/crp.o
 .debug_abbrev  0x00000000000004ec       0xbf ./src/sysinit.o
 .debug_abbrev  0x00000000000005ab      0x480 /Users/alphajun/Documents/LPCXpresso_7.3.0/workspace/lpc_board_ea_devkit_4088/Debug/liblpc_board_ea_devkit_4088.a(board.o)
 .debug_abbrev  0x0000000000000a2b      0x29d /Users/alphajun/Documents/LPCXpresso_7.3.0/workspace/lpc_board_ea_devkit_4088/Debug/liblpc_board_ea_devkit_4088.a(board_sysinit.o)
 .debug_abbrev  0x0000000000000cc8      0x1e5 /Users/alphajun/Documents/LPCXpresso_7.3.0/workspace/lpc_chip_40xx/Debug/liblpc_chip_40xx.a(chip_17xx_40xx.o)
 .debug_abbrev  0x0000000000000ead      0x2f1 /Users/alphajun/Documents/LPCXpresso_7.3.0/workspace/lpc_chip_40xx/Debug/liblpc_chip_40xx.a(clock_17xx_40xx.o)
 .debug_abbrev  0x000000000000119e      0x255 /Users/alphajun/Documents/LPCXpresso_7.3.0/workspace/lpc_chip_40xx/Debug/liblpc_chip_40xx.a(emc_17xx_40xx.o)
 .debug_abbrev  0x00000000000013f3       0xa2 /Users/alphajun/Documents/LPCXpresso_7.3.0/workspace/lpc_chip_40xx/Debug/liblpc_chip_40xx.a(fpu_init.o)
 .debug_abbrev  0x0000000000001495      0x13e /Users/alphajun/Documents/LPCXpresso_7.3.0/workspace/lpc_chip_40xx/Debug/liblpc_chip_40xx.a(iocon_17xx_40xx.o)
 .debug_abbrev  0x00000000000015d3      0x1c1 /Users/alphajun/Documents/LPCXpresso_7.3.0/workspace/lpc_chip_40xx/Debug/liblpc_chip_40xx.a(rtc_17xx_40xx.o)
 .debug_abbrev  0x0000000000001794      0x158 /Users/alphajun/Documents/LPCXpresso_7.3.0/workspace/lpc_chip_40xx/Debug/liblpc_chip_40xx.a(sysctl_17xx_40xx.o)
 .debug_abbrev  0x00000000000018ec      0x1f2 /Users/alphajun/Documents/LPCXpresso_7.3.0/workspace/lpc_chip_40xx/Debug/liblpc_chip_40xx.a(sysinit_17xx_40xx.o)
 .debug_abbrev  0x0000000000001ade      0x1c1 /Users/alphajun/Documents/LPCXpresso_7.3.0/workspace/lpc_chip_40xx/Debug/liblpc_chip_40xx.a(timer_17xx_40xx.o)
 .debug_abbrev  0x0000000000001c9f      0x3ec /Users/alphajun/Documents/LPCXpresso_7.3.0/workspace/lpc_chip_40xx/Debug/liblpc_chip_40xx.a(uart_17xx_40xx.o)

.debug_loc      0x0000000000000000     0x3851
 .debug_loc     0x0000000000000000      0xb3d ./src/FinalProject.o
 .debug_loc     0x0000000000000b3d      0x1d1 ./src/cr_startup_lpc407x_8x.o
 .debug_loc     0x0000000000000d0e     0x11ec /Users/alphajun/Documents/LPCXpresso_7.3.0/workspace/lpc_board_ea_devkit_4088/Debug/liblpc_board_ea_devkit_4088.a(board.o)
 .debug_loc     0x0000000000001efa       0xeb /Users/alphajun/Documents/LPCXpresso_7.3.0/workspace/lpc_board_ea_devkit_4088/Debug/liblpc_board_ea_devkit_4088.a(board_sysinit.o)
 .debug_loc     0x0000000000001fe5      0x42b /Users/alphajun/Documents/LPCXpresso_7.3.0/workspace/lpc_chip_40xx/Debug/liblpc_chip_40xx.a(clock_17xx_40xx.o)
 .debug_loc     0x0000000000002410      0x41f /Users/alphajun/Documents/LPCXpresso_7.3.0/workspace/lpc_chip_40xx/Debug/liblpc_chip_40xx.a(emc_17xx_40xx.o)
 .debug_loc     0x000000000000282f       0x1f /Users/alphajun/Documents/LPCXpresso_7.3.0/workspace/lpc_chip_40xx/Debug/liblpc_chip_40xx.a(fpu_init.o)
 .debug_loc     0x000000000000284e       0xb1 /Users/alphajun/Documents/LPCXpresso_7.3.0/workspace/lpc_chip_40xx/Debug/liblpc_chip_40xx.a(iocon_17xx_40xx.o)
 .debug_loc     0x00000000000028ff      0x1fe /Users/alphajun/Documents/LPCXpresso_7.3.0/workspace/lpc_chip_40xx/Debug/liblpc_chip_40xx.a(rtc_17xx_40xx.o)
 .debug_loc     0x0000000000002afd       0x6c /Users/alphajun/Documents/LPCXpresso_7.3.0/workspace/lpc_chip_40xx/Debug/liblpc_chip_40xx.a(sysctl_17xx_40xx.o)
 .debug_loc     0x0000000000002b69      0x16d /Users/alphajun/Documents/LPCXpresso_7.3.0/workspace/lpc_chip_40xx/Debug/liblpc_chip_40xx.a(timer_17xx_40xx.o)
 .debug_loc     0x0000000000002cd6      0xb7b /Users/alphajun/Documents/LPCXpresso_7.3.0/workspace/lpc_chip_40xx/Debug/liblpc_chip_40xx.a(uart_17xx_40xx.o)

.debug_aranges  0x0000000000000000      0x640
 .debug_aranges
                0x0000000000000000       0x98 ./src/FinalProject.o
 .debug_aranges
                0x0000000000000098       0x80 ./src/cr_startup_lpc407x_8x.o
 .debug_aranges
                0x0000000000000118       0x18 ./src/crp.o
 .debug_aranges
                0x0000000000000130       0x20 ./src/sysinit.o
 .debug_aranges
                0x0000000000000150      0x138 /Users/alphajun/Documents/LPCXpresso_7.3.0/workspace/lpc_board_ea_devkit_4088/Debug/liblpc_board_ea_devkit_4088.a(board.o)
 .debug_aranges
                0x0000000000000288       0x38 /Users/alphajun/Documents/LPCXpresso_7.3.0/workspace/lpc_board_ea_devkit_4088/Debug/liblpc_board_ea_devkit_4088.a(board_sysinit.o)
 .debug_aranges
                0x00000000000002c0       0x28 /Users/alphajun/Documents/LPCXpresso_7.3.0/workspace/lpc_chip_40xx/Debug/liblpc_chip_40xx.a(chip_17xx_40xx.o)
 .debug_aranges
                0x00000000000002e8       0xd8 /Users/alphajun/Documents/LPCXpresso_7.3.0/workspace/lpc_chip_40xx/Debug/liblpc_chip_40xx.a(clock_17xx_40xx.o)
 .debug_aranges
                0x00000000000003c0       0x70 /Users/alphajun/Documents/LPCXpresso_7.3.0/workspace/lpc_chip_40xx/Debug/liblpc_chip_40xx.a(emc_17xx_40xx.o)
 .debug_aranges
                0x0000000000000430       0x20 /Users/alphajun/Documents/LPCXpresso_7.3.0/workspace/lpc_chip_40xx/Debug/liblpc_chip_40xx.a(fpu_init.o)
 .debug_aranges
                0x0000000000000450       0x20 /Users/alphajun/Documents/LPCXpresso_7.3.0/workspace/lpc_chip_40xx/Debug/liblpc_chip_40xx.a(iocon_17xx_40xx.o)
 .debug_aranges
                0x0000000000000470       0x80 /Users/alphajun/Documents/LPCXpresso_7.3.0/workspace/lpc_chip_40xx/Debug/liblpc_chip_40xx.a(rtc_17xx_40xx.o)
 .debug_aranges
                0x00000000000004f0       0x28 /Users/alphajun/Documents/LPCXpresso_7.3.0/workspace/lpc_chip_40xx/Debug/liblpc_chip_40xx.a(sysctl_17xx_40xx.o)
 .debug_aranges
                0x0000000000000518       0x30 /Users/alphajun/Documents/LPCXpresso_7.3.0/workspace/lpc_chip_40xx/Debug/liblpc_chip_40xx.a(sysinit_17xx_40xx.o)
 .debug_aranges
                0x0000000000000548       0x40 /Users/alphajun/Documents/LPCXpresso_7.3.0/workspace/lpc_chip_40xx/Debug/liblpc_chip_40xx.a(timer_17xx_40xx.o)
 .debug_aranges
                0x0000000000000588       0xb8 /Users/alphajun/Documents/LPCXpresso_7.3.0/workspace/lpc_chip_40xx/Debug/liblpc_chip_40xx.a(uart_17xx_40xx.o)

.debug_ranges   0x0000000000000000      0x618
 .debug_ranges  0x0000000000000000       0xe8 ./src/FinalProject.o
 .debug_ranges  0x00000000000000e8       0x70 ./src/cr_startup_lpc407x_8x.o
 .debug_ranges  0x0000000000000158       0x10 ./src/sysinit.o
 .debug_ranges  0x0000000000000168      0x188 /Users/alphajun/Documents/LPCXpresso_7.3.0/workspace/lpc_board_ea_devkit_4088/Debug/liblpc_board_ea_devkit_4088.a(board.o)
 .debug_ranges  0x00000000000002f0       0x48 /Users/alphajun/Documents/LPCXpresso_7.3.0/workspace/lpc_board_ea_devkit_4088/Debug/liblpc_board_ea_devkit_4088.a(board_sysinit.o)
 .debug_ranges  0x0000000000000338       0x18 /Users/alphajun/Documents/LPCXpresso_7.3.0/workspace/lpc_chip_40xx/Debug/liblpc_chip_40xx.a(chip_17xx_40xx.o)
 .debug_ranges  0x0000000000000350       0xc8 /Users/alphajun/Documents/LPCXpresso_7.3.0/workspace/lpc_chip_40xx/Debug/liblpc_chip_40xx.a(clock_17xx_40xx.o)
 .debug_ranges  0x0000000000000418       0x60 /Users/alphajun/Documents/LPCXpresso_7.3.0/workspace/lpc_chip_40xx/Debug/liblpc_chip_40xx.a(emc_17xx_40xx.o)
 .debug_ranges  0x0000000000000478       0x10 /Users/alphajun/Documents/LPCXpresso_7.3.0/workspace/lpc_chip_40xx/Debug/liblpc_chip_40xx.a(fpu_init.o)
 .debug_ranges  0x0000000000000488       0x10 /Users/alphajun/Documents/LPCXpresso_7.3.0/workspace/lpc_chip_40xx/Debug/liblpc_chip_40xx.a(iocon_17xx_40xx.o)
 .debug_ranges  0x0000000000000498       0x70 /Users/alphajun/Documents/LPCXpresso_7.3.0/workspace/lpc_chip_40xx/Debug/liblpc_chip_40xx.a(rtc_17xx_40xx.o)
 .debug_ranges  0x0000000000000508       0x18 /Users/alphajun/Documents/LPCXpresso_7.3.0/workspace/lpc_chip_40xx/Debug/liblpc_chip_40xx.a(sysctl_17xx_40xx.o)
 .debug_ranges  0x0000000000000520       0x20 /Users/alphajun/Documents/LPCXpresso_7.3.0/workspace/lpc_chip_40xx/Debug/liblpc_chip_40xx.a(sysinit_17xx_40xx.o)
 .debug_ranges  0x0000000000000540       0x30 /Users/alphajun/Documents/LPCXpresso_7.3.0/workspace/lpc_chip_40xx/Debug/liblpc_chip_40xx.a(timer_17xx_40xx.o)
 .debug_ranges  0x0000000000000570       0xa8 /Users/alphajun/Documents/LPCXpresso_7.3.0/workspace/lpc_chip_40xx/Debug/liblpc_chip_40xx.a(uart_17xx_40xx.o)

.debug_macro    0x0000000000000000     0x72be
 .debug_macro   0x0000000000000000      0x35b ./src/FinalProject.o
 .debug_macro   0x000000000000035b      0x874 ./src/FinalProject.o
 .debug_macro   0x0000000000000bcf       0x10 ./src/FinalProject.o
 .debug_macro   0x0000000000000bdf      0x122 ./src/FinalProject.o
 .debug_macro   0x0000000000000d01      0x5b9 ./src/FinalProject.o
 .debug_macro   0x00000000000012ba       0x22 ./src/FinalProject.o
 .debug_macro   0x00000000000012dc       0x7b ./src/FinalProject.o
 .debug_macro   0x0000000000001357       0x16 ./src/FinalProject.o
 .debug_macro   0x000000000000136d       0x2d ./src/FinalProject.o
 .debug_macro   0x000000000000139a       0x3b ./src/FinalProject.o
 .debug_macro   0x00000000000013d5       0x2d ./src/FinalProject.o
 .debug_macro   0x0000000000001402       0x42 ./src/FinalProject.o
 .debug_macro   0x0000000000001444      0xd39 ./src/FinalProject.o
 .debug_macro   0x000000000000217d      0x295 ./src/FinalProject.o
 .debug_macro   0x0000000000002412       0x50 ./src/FinalProject.o
 .debug_macro   0x0000000000002462       0x34 ./src/FinalProject.o
 .debug_macro   0x0000000000002496      0x152 ./src/FinalProject.o
 .debug_macro   0x00000000000025e8       0x82 ./src/FinalProject.o
 .debug_macro   0x000000000000266a      0x48c ./src/FinalProject.o
 .debug_macro   0x0000000000002af6      0x12d ./src/FinalProject.o
 .debug_macro   0x0000000000002c23       0x6a ./src/FinalProject.o
 .debug_macro   0x0000000000002c8d       0x34 ./src/FinalProject.o
 .debug_macro   0x0000000000002cc1       0x58 ./src/FinalProject.o
 .debug_macro   0x0000000000002d19      0x236 ./src/FinalProject.o
 .debug_macro   0x0000000000002f4f      0x4c5 ./src/FinalProject.o
 .debug_macro   0x0000000000003414      0x1da ./src/FinalProject.o
 .debug_macro   0x00000000000035ee       0x10 ./src/FinalProject.o
 .debug_macro   0x00000000000035fe      0x21b ./src/FinalProject.o
 .debug_macro   0x0000000000003819      0x1b9 ./src/FinalProject.o
 .debug_macro   0x00000000000039d2       0x2e ./src/FinalProject.o
 .debug_macro   0x0000000000003a00       0x40 ./src/FinalProject.o
 .debug_macro   0x0000000000003a40      0x209 ./src/FinalProject.o
 .debug_macro   0x0000000000003c49      0x2b3 ./src/FinalProject.o
 .debug_macro   0x0000000000003efc      0x34c ./src/FinalProject.o
 .debug_macro   0x0000000000004248       0xb2 ./src/FinalProject.o
 .debug_macro   0x00000000000042fa       0x16 ./src/FinalProject.o
 .debug_macro   0x0000000000004310       0xb8 ./src/FinalProject.o
 .debug_macro   0x00000000000043c8       0x4c ./src/FinalProject.o
 .debug_macro   0x0000000000004414       0x16 ./src/FinalProject.o
 .debug_macro   0x000000000000442a      0x328 ./src/FinalProject.o
 .debug_macro   0x0000000000004752       0x3a ./src/FinalProject.o
 .debug_macro   0x000000000000478c       0x16 ./src/FinalProject.o
 .debug_macro   0x00000000000047a2       0xca ./src/FinalProject.o
 .debug_macro   0x000000000000486c       0x18 ./src/FinalProject.o
 .debug_macro   0x0000000000004884       0x16 ./src/FinalProject.o
 .debug_macro   0x000000000000489a       0x8e ./src/FinalProject.o
 .debug_macro   0x0000000000004928      0x124 ./src/FinalProject.o
 .debug_macro   0x0000000000004a4c       0x6c ./src/FinalProject.o
 .debug_macro   0x0000000000004ab8       0x9a ./src/FinalProject.o
 .debug_macro   0x0000000000004b52       0x20 ./src/FinalProject.o
 .debug_macro   0x0000000000004b72       0x2e ./src/FinalProject.o
 .debug_macro   0x0000000000004ba0       0x22 ./src/FinalProject.o
 .debug_macro   0x0000000000004bc2       0x1c ./src/FinalProject.o
 .debug_macro   0x0000000000004bde       0xc4 ./src/FinalProject.o
 .debug_macro   0x0000000000004ca2       0x1d ./src/cr_startup_lpc407x_8x.o
 .debug_macro   0x0000000000004cbf       0x1a ./src/crp.o
 .debug_macro   0x0000000000004cd9       0x34 ./src/crp.o
 .debug_macro   0x0000000000004d0d      0x296 ./src/sysinit.o
 .debug_macro   0x0000000000004fa3      0x3c6 /Users/alphajun/Documents/LPCXpresso_7.3.0/workspace/lpc_board_ea_devkit_4088/Debug/liblpc_board_ea_devkit_4088.a(board.o)
 .debug_macro   0x0000000000005369      0x868 /Users/alphajun/Documents/LPCXpresso_7.3.0/workspace/lpc_board_ea_devkit_4088/Debug/liblpc_board_ea_devkit_4088.a(board.o)
 .debug_macro   0x0000000000005bd1      0x29c /Users/alphajun/Documents/LPCXpresso_7.3.0/workspace/lpc_board_ea_devkit_4088/Debug/liblpc_board_ea_devkit_4088.a(board_sysinit.o)
 .debug_macro   0x0000000000005e6d      0x22c /Users/alphajun/Documents/LPCXpresso_7.3.0/workspace/lpc_chip_40xx/Debug/liblpc_chip_40xx.a(chip_17xx_40xx.o)
 .debug_macro   0x0000000000006099      0x22c /Users/alphajun/Documents/LPCXpresso_7.3.0/workspace/lpc_chip_40xx/Debug/liblpc_chip_40xx.a(clock_17xx_40xx.o)
 .debug_macro   0x00000000000062c5      0x232 /Users/alphajun/Documents/LPCXpresso_7.3.0/workspace/lpc_chip_40xx/Debug/liblpc_chip_40xx.a(emc_17xx_40xx.o)
 .debug_macro   0x00000000000064f7       0xbf /Users/alphajun/Documents/LPCXpresso_7.3.0/workspace/lpc_chip_40xx/Debug/liblpc_chip_40xx.a(fpu_init.o)
 .debug_macro   0x00000000000065b6      0x22c /Users/alphajun/Documents/LPCXpresso_7.3.0/workspace/lpc_chip_40xx/Debug/liblpc_chip_40xx.a(iocon_17xx_40xx.o)
 .debug_macro   0x00000000000067e2      0x22c /Users/alphajun/Documents/LPCXpresso_7.3.0/workspace/lpc_chip_40xx/Debug/liblpc_chip_40xx.a(rtc_17xx_40xx.o)
 .debug_macro   0x0000000000006a0e      0x22c /Users/alphajun/Documents/LPCXpresso_7.3.0/workspace/lpc_chip_40xx/Debug/liblpc_chip_40xx.a(sysctl_17xx_40xx.o)
 .debug_macro   0x0000000000006c3a      0x22c /Users/alphajun/Documents/LPCXpresso_7.3.0/workspace/lpc_chip_40xx/Debug/liblpc_chip_40xx.a(sysinit_17xx_40xx.o)
 .debug_macro   0x0000000000006e66      0x22c /Users/alphajun/Documents/LPCXpresso_7.3.0/workspace/lpc_chip_40xx/Debug/liblpc_chip_40xx.a(timer_17xx_40xx.o)
 .debug_macro   0x0000000000007092      0x22c /Users/alphajun/Documents/LPCXpresso_7.3.0/workspace/lpc_chip_40xx/Debug/liblpc_chip_40xx.a(uart_17xx_40xx.o)

.debug_line     0x0000000000000000     0x5890
 .debug_line    0x0000000000000000      0xaeb ./src/FinalProject.o
 .debug_line    0x0000000000000aeb       0xb1 ./src/cr_startup_lpc407x_8x.o
 .debug_line    0x0000000000000b9c       0x7f ./src/crp.o
 .debug_line    0x0000000000000c1b      0x57b ./src/sysinit.o
 .debug_line    0x0000000000001196      0xafa /Users/alphajun/Documents/LPCXpresso_7.3.0/workspace/lpc_board_ea_devkit_4088/Debug/liblpc_board_ea_devkit_4088.a(board.o)
 .debug_line    0x0000000000001c90      0x622 /Users/alphajun/Documents/LPCXpresso_7.3.0/workspace/lpc_board_ea_devkit_4088/Debug/liblpc_board_ea_devkit_4088.a(board_sysinit.o)
 .debug_line    0x00000000000022b2      0x4da /Users/alphajun/Documents/LPCXpresso_7.3.0/workspace/lpc_chip_40xx/Debug/liblpc_chip_40xx.a(chip_17xx_40xx.o)
 .debug_line    0x000000000000278c      0x717 /Users/alphajun/Documents/LPCXpresso_7.3.0/workspace/lpc_chip_40xx/Debug/liblpc_chip_40xx.a(clock_17xx_40xx.o)
 .debug_line    0x0000000000002ea3      0x62d /Users/alphajun/Documents/LPCXpresso_7.3.0/workspace/lpc_chip_40xx/Debug/liblpc_chip_40xx.a(emc_17xx_40xx.o)
 .debug_line    0x00000000000034d0      0x1f5 /Users/alphajun/Documents/LPCXpresso_7.3.0/workspace/lpc_chip_40xx/Debug/liblpc_chip_40xx.a(fpu_init.o)
 .debug_line    0x00000000000036c5      0x4d2 /Users/alphajun/Documents/LPCXpresso_7.3.0/workspace/lpc_chip_40xx/Debug/liblpc_chip_40xx.a(iocon_17xx_40xx.o)
 .debug_line    0x0000000000003b97      0x622 /Users/alphajun/Documents/LPCXpresso_7.3.0/workspace/lpc_chip_40xx/Debug/liblpc_chip_40xx.a(rtc_17xx_40xx.o)
 .debug_line    0x00000000000041b9      0x4c6 /Users/alphajun/Documents/LPCXpresso_7.3.0/workspace/lpc_chip_40xx/Debug/liblpc_chip_40xx.a(sysctl_17xx_40xx.o)
 .debug_line    0x000000000000467f      0x55e /Users/alphajun/Documents/LPCXpresso_7.3.0/workspace/lpc_chip_40xx/Debug/liblpc_chip_40xx.a(sysinit_17xx_40xx.o)
 .debug_line    0x0000000000004bdd      0x50b /Users/alphajun/Documents/LPCXpresso_7.3.0/workspace/lpc_chip_40xx/Debug/liblpc_chip_40xx.a(timer_17xx_40xx.o)
 .debug_line    0x00000000000050e8      0x7a8 /Users/alphajun/Documents/LPCXpresso_7.3.0/workspace/lpc_chip_40xx/Debug/liblpc_chip_40xx.a(uart_17xx_40xx.o)

.debug_str      0x0000000000000000    0x1b647
 .debug_str     0x0000000000000000    0x18281 ./src/FinalProject.o
                                      0x184a4 (size before relaxing)
 .debug_str     0x0000000000018281      0x1d3 ./src/cr_startup_lpc407x_8x.o
                                       0x2673 (size before relaxing)
 .debug_str     0x0000000000018454       0xe9 ./src/crp.o
                                       0x256f (size before relaxing)
 .debug_str     0x000000000001853d       0x2a ./src/sysinit.o
                                      0x16e55 (size before relaxing)
 .debug_str     0x0000000000018567     0x167a /Users/alphajun/Documents/LPCXpresso_7.3.0/workspace/lpc_board_ea_devkit_4088/Debug/liblpc_board_ea_devkit_4088.a(board.o)
                                      0x1857e (size before relaxing)
 .debug_str     0x0000000000019be1      0x753 /Users/alphajun/Documents/LPCXpresso_7.3.0/workspace/lpc_board_ea_devkit_4088/Debug/liblpc_board_ea_devkit_4088.a(board_sysinit.o)
                                      0x17a9e (size before relaxing)
 .debug_str     0x000000000001a334      0x15b /Users/alphajun/Documents/LPCXpresso_7.3.0/workspace/lpc_chip_40xx/Debug/liblpc_chip_40xx.a(chip_17xx_40xx.o)
                                      0x16846 (size before relaxing)
 .debug_str     0x000000000001a48f      0x579 /Users/alphajun/Documents/LPCXpresso_7.3.0/workspace/lpc_chip_40xx/Debug/liblpc_chip_40xx.a(clock_17xx_40xx.o)
                                      0x16c6a (size before relaxing)
 .debug_str     0x000000000001aa08      0x465 /Users/alphajun/Documents/LPCXpresso_7.3.0/workspace/lpc_chip_40xx/Debug/liblpc_chip_40xx.a(emc_17xx_40xx.o)
                                      0x16838 (size before relaxing)
 .debug_str     0x000000000001ae6d       0xad /Users/alphajun/Documents/LPCXpresso_7.3.0/workspace/lpc_chip_40xx/Debug/liblpc_chip_40xx.a(fpu_init.o)
                                       0x984f (size before relaxing)
 .debug_str     0x000000000001af1a       0x2e /Users/alphajun/Documents/LPCXpresso_7.3.0/workspace/lpc_chip_40xx/Debug/liblpc_chip_40xx.a(iocon_17xx_40xx.o)
                                      0x1617a (size before relaxing)
 .debug_str     0x000000000001af48      0x14a /Users/alphajun/Documents/LPCXpresso_7.3.0/workspace/lpc_chip_40xx/Debug/liblpc_chip_40xx.a(rtc_17xx_40xx.o)
                                      0x16774 (size before relaxing)
 .debug_str     0x000000000001b092       0x5b /Users/alphajun/Documents/LPCXpresso_7.3.0/workspace/lpc_chip_40xx/Debug/liblpc_chip_40xx.a(sysctl_17xx_40xx.o)
                                      0x1656d (size before relaxing)
 .debug_str     0x000000000001b0ed       0xc3 /Users/alphajun/Documents/LPCXpresso_7.3.0/workspace/lpc_chip_40xx/Debug/liblpc_chip_40xx.a(sysinit_17xx_40xx.o)
                                      0x164e4 (size before relaxing)
 .debug_str     0x000000000001b1b0      0x110 /Users/alphajun/Documents/LPCXpresso_7.3.0/workspace/lpc_chip_40xx/Debug/liblpc_chip_40xx.a(timer_17xx_40xx.o)
                                      0x16532 (size before relaxing)
 .debug_str     0x000000000001b2c0      0x387 /Users/alphajun/Documents/LPCXpresso_7.3.0/workspace/lpc_chip_40xx/Debug/liblpc_chip_40xx.a(uart_17xx_40xx.o)
                                      0x16ab3 (size before relaxing)

.comment        0x0000000000000000       0xe0
 .comment       0x0000000000000000       0x70 ./src/FinalProject.o
                                         0x71 (size before relaxing)
 .comment       0x0000000000000000       0x71 ./src/cr_startup_lpc407x_8x.o
 .comment       0x0000000000000000       0x71 ./src/crp.o
 .comment       0x0000000000000000       0x71 ./src/sysinit.o
 .comment       0x0000000000000000       0x71 /Users/alphajun/Documents/LPCXpresso_7.3.0/workspace/lpc_board_ea_devkit_4088/Debug/liblpc_board_ea_devkit_4088.a(board.o)
 .comment       0x0000000000000000       0x71 /Users/alphajun/Documents/LPCXpresso_7.3.0/workspace/lpc_board_ea_devkit_4088/Debug/liblpc_board_ea_devkit_4088.a(board_sysinit.o)
 .comment       0x0000000000000000       0x71 /Users/alphajun/Documents/LPCXpresso_7.3.0/workspace/lpc_chip_40xx/Debug/liblpc_chip_40xx.a(chip_17xx_40xx.o)
 .comment       0x0000000000000000       0x71 /Users/alphajun/Documents/LPCXpresso_7.3.0/workspace/lpc_chip_40xx/Debug/liblpc_chip_40xx.a(clock_17xx_40xx.o)
 .comment       0x0000000000000000       0x71 /Users/alphajun/Documents/LPCXpresso_7.3.0/workspace/lpc_chip_40xx/Debug/liblpc_chip_40xx.a(emc_17xx_40xx.o)
 .comment       0x0000000000000000       0x71 /Users/alphajun/Documents/LPCXpresso_7.3.0/workspace/lpc_chip_40xx/Debug/liblpc_chip_40xx.a(fpu_init.o)
 .comment       0x0000000000000000       0x71 /Users/alphajun/Documents/LPCXpresso_7.3.0/workspace/lpc_chip_40xx/Debug/liblpc_chip_40xx.a(iocon_17xx_40xx.o)
 .comment       0x0000000000000000       0x71 /Users/alphajun/Documents/LPCXpresso_7.3.0/workspace/lpc_chip_40xx/Debug/liblpc_chip_40xx.a(rtc_17xx_40xx.o)
 .comment       0x0000000000000000       0x71 /Users/alphajun/Documents/LPCXpresso_7.3.0/workspace/lpc_chip_40xx/Debug/liblpc_chip_40xx.a(sysctl_17xx_40xx.o)
 .comment       0x0000000000000000       0x71 /Users/alphajun/Documents/LPCXpresso_7.3.0/workspace/lpc_chip_40xx/Debug/liblpc_chip_40xx.a(sysinit_17xx_40xx.o)
 .comment       0x0000000000000000       0x71 /Users/alphajun/Documents/LPCXpresso_7.3.0/workspace/lpc_chip_40xx/Debug/liblpc_chip_40xx.a(timer_17xx_40xx.o)
 .comment       0x0000000000000000       0x71 /Users/alphajun/Documents/LPCXpresso_7.3.0/workspace/lpc_chip_40xx/Debug/liblpc_chip_40xx.a(uart_17xx_40xx.o)
 .comment       0x0000000000000070       0x70 /Applications/lpcxpresso_7.3.0_186/lpcxpresso/tools/bin/../lib/gcc/arm-none-eabi/4.8.4/../../../../arm-none-eabi/lib/armv7e-m/softfp/libcr_semihost.a(_cr__main.o)
                                         0x71 (size before relaxing)
 .comment       0x0000000000000000       0x71 /Applications/lpcxpresso_7.3.0_186/lpcxpresso/tools/bin/../lib/gcc/arm-none-eabi/4.8.4/../../../../arm-none-eabi/lib/armv7e-m/softfp/libcr_c.a(initio.o)
 .comment       0x0000000000000000       0x71 /Applications/lpcxpresso_7.3.0_186/lpcxpresso/tools/bin/../lib/gcc/arm-none-eabi/4.8.4/../../../../arm-none-eabi/lib/armv7e-m/softfp/libcr_c.a(setvbuf.o)
 .comment       0x0000000000000000       0x71 /Applications/lpcxpresso_7.3.0_186/lpcxpresso/tools/bin/../lib/gcc/arm-none-eabi/4.8.4/../../../../arm-none-eabi/lib/armv7e-m/softfp/libcr_c.a(stdio.o)
 .comment       0x0000000000000000       0x71 /Applications/lpcxpresso_7.3.0_186/lpcxpresso/tools/bin/../lib/gcc/arm-none-eabi/4.8.4/../../../../arm-none-eabi/lib/armv7e-m/softfp/libcr_c.a(memset.o)
 .comment       0x0000000000000000       0x71 /Applications/lpcxpresso_7.3.0_186/lpcxpresso/tools/bin/../lib/gcc/arm-none-eabi/4.8.4/../../../../arm-none-eabi/lib/armv7e-m/softfp/libcr_c.a(_deferredlazyseek.o)
 .comment       0x0000000000000000       0x71 /Applications/lpcxpresso_7.3.0_186/lpcxpresso/tools/bin/../lib/gcc/arm-none-eabi/4.8.4/../../../../arm-none-eabi/lib/armv7e-m/softfp/libcr_c.a(_fdopen.o)
 .comment       0x0000000000000000       0x71 /Applications/lpcxpresso_7.3.0_186/lpcxpresso/tools/bin/../lib/gcc/arm-none-eabi/4.8.4/../../../../arm-none-eabi/lib/armv7e-m/softfp/libcr_c.a(_fflush.o)
 .comment       0x0000000000000000       0x71 /Applications/lpcxpresso_7.3.0_186/lpcxpresso/tools/bin/../lib/gcc/arm-none-eabi/4.8.4/../../../../arm-none-eabi/lib/armv7e-m/softfp/libcr_c.a(_writebuf.o)
 .comment       0x0000000000000000       0x71 /Applications/lpcxpresso_7.3.0_186/lpcxpresso/tools/bin/../lib/gcc/arm-none-eabi/4.8.4/../../../../arm-none-eabi/lib/armv7e-m/softfp/libcr_c.a(alloc.o)
 .comment       0x0000000000000000       0x71 /Applications/lpcxpresso_7.3.0_186/lpcxpresso/tools/bin/../lib/gcc/arm-none-eabi/4.8.4/../../../../arm-none-eabi/lib/armv7e-m/softfp/libcr_c.a(fclose.o)
 .comment       0x0000000000000000       0x71 /Applications/lpcxpresso_7.3.0_186/lpcxpresso/tools/bin/../lib/gcc/arm-none-eabi/4.8.4/../../../../arm-none-eabi/lib/armv7e-m/softfp/libcr_c.a(fflush.o)
 .comment       0x0000000000000000       0x71 /Applications/lpcxpresso_7.3.0_186/lpcxpresso/tools/bin/../lib/gcc/arm-none-eabi/4.8.4/../../../../arm-none-eabi/lib/armv7e-m/softfp/libcr_c.a(fseek.o)
 .comment       0x0000000000000000       0x71 /Applications/lpcxpresso_7.3.0_186/lpcxpresso/tools/bin/../lib/gcc/arm-none-eabi/4.8.4/../../../../arm-none-eabi/lib/armv7e-m/softfp/libcr_c.a(ftell.o)
 .comment       0x0000000000000000       0x71 /Applications/lpcxpresso_7.3.0_186/lpcxpresso/tools/bin/../lib/gcc/arm-none-eabi/4.8.4/../../../../arm-none-eabi/lib/armv7e-m/softfp/libcr_c.a(remove.o)
 .comment       0x0000000000000000       0x71 /Applications/lpcxpresso_7.3.0_186/lpcxpresso/tools/bin/../lib/gcc/arm-none-eabi/4.8.4/../../../../arm-none-eabi/lib/armv7e-m/softfp/libcr_c.a(strlen.o)
 .comment       0x0000000000000000       0x71 /Applications/lpcxpresso_7.3.0_186/lpcxpresso/tools/bin/../lib/gcc/arm-none-eabi/4.8.4/../../../../arm-none-eabi/lib/armv7e-m/softfp/libcr_c.a(__init_alloc.o)
 .comment       0x0000000000000000       0x71 /Applications/lpcxpresso_7.3.0_186/lpcxpresso/tools/bin/../lib/gcc/arm-none-eabi/4.8.4/../../../../arm-none-eabi/lib/armv7e-m/softfp/libcr_c.a(_cr_sbrk.o)
 .comment       0x0000000000000000       0x71 /Applications/lpcxpresso_7.3.0_186/lpcxpresso/tools/bin/../lib/gcc/arm-none-eabi/4.8.4/../../../../arm-none-eabi/lib/armv7e-m/softfp/libcr_c.a(_do_fflush.o)
 .comment       0x0000000000000000       0x71 /Applications/lpcxpresso_7.3.0_186/lpcxpresso/tools/bin/../lib/gcc/arm-none-eabi/4.8.4/../../../../arm-none-eabi/lib/armv7e-m/softfp/libcr_c.a(errno.o)
 .comment       0x0000000000000000       0x71 /Applications/lpcxpresso_7.3.0_186/lpcxpresso/tools/bin/../lib/gcc/arm-none-eabi/4.8.4/../../../../arm-none-eabi/lib/armv7e-m/softfp/libcr_c.a(_cr_check_heap.o)

.ARM.attributes
                0x0000000000000000       0x35
 .ARM.attributes
                0x0000000000000000       0x37 ./src/FinalProject.o
 .ARM.attributes
                0x0000000000000037       0x37 ./src/cr_startup_lpc407x_8x.o
 .ARM.attributes
                0x000000000000006e       0x37 ./src/crp.o
 .ARM.attributes
                0x00000000000000a5       0x37 ./src/sysinit.o
 .ARM.attributes
                0x00000000000000dc       0x37 /Users/alphajun/Documents/LPCXpresso_7.3.0/workspace/lpc_board_ea_devkit_4088/Debug/liblpc_board_ea_devkit_4088.a(board.o)
 .ARM.attributes
                0x0000000000000113       0x37 /Users/alphajun/Documents/LPCXpresso_7.3.0/workspace/lpc_board_ea_devkit_4088/Debug/liblpc_board_ea_devkit_4088.a(board_sysinit.o)
 .ARM.attributes
                0x000000000000014a       0x37 /Users/alphajun/Documents/LPCXpresso_7.3.0/workspace/lpc_chip_40xx/Debug/liblpc_chip_40xx.a(chip_17xx_40xx.o)
 .ARM.attributes
                0x0000000000000181       0x37 /Users/alphajun/Documents/LPCXpresso_7.3.0/workspace/lpc_chip_40xx/Debug/liblpc_chip_40xx.a(clock_17xx_40xx.o)
 .ARM.attributes
                0x00000000000001b8       0x37 /Users/alphajun/Documents/LPCXpresso_7.3.0/workspace/lpc_chip_40xx/Debug/liblpc_chip_40xx.a(emc_17xx_40xx.o)
 .ARM.attributes
                0x00000000000001ef       0x37 /Users/alphajun/Documents/LPCXpresso_7.3.0/workspace/lpc_chip_40xx/Debug/liblpc_chip_40xx.a(fpu_init.o)
 .ARM.attributes
                0x0000000000000226       0x37 /Users/alphajun/Documents/LPCXpresso_7.3.0/workspace/lpc_chip_40xx/Debug/liblpc_chip_40xx.a(iocon_17xx_40xx.o)
 .ARM.attributes
                0x000000000000025d       0x37 /Users/alphajun/Documents/LPCXpresso_7.3.0/workspace/lpc_chip_40xx/Debug/liblpc_chip_40xx.a(rtc_17xx_40xx.o)
 .ARM.attributes
                0x0000000000000294       0x37 /Users/alphajun/Documents/LPCXpresso_7.3.0/workspace/lpc_chip_40xx/Debug/liblpc_chip_40xx.a(sysctl_17xx_40xx.o)
 .ARM.attributes
                0x00000000000002cb       0x37 /Users/alphajun/Documents/LPCXpresso_7.3.0/workspace/lpc_chip_40xx/Debug/liblpc_chip_40xx.a(sysinit_17xx_40xx.o)
 .ARM.attributes
                0x0000000000000302       0x37 /Users/alphajun/Documents/LPCXpresso_7.3.0/workspace/lpc_chip_40xx/Debug/liblpc_chip_40xx.a(timer_17xx_40xx.o)
 .ARM.attributes
                0x0000000000000339       0x37 /Users/alphajun/Documents/LPCXpresso_7.3.0/workspace/lpc_chip_40xx/Debug/liblpc_chip_40xx.a(uart_17xx_40xx.o)
 .ARM.attributes
                0x0000000000000370       0x37 /Applications/lpcxpresso_7.3.0_186/lpcxpresso/tools/bin/../lib/gcc/arm-none-eabi/4.8.4/../../../../arm-none-eabi/lib/armv7e-m/softfp/libcr_semihost.a(_cr__main.o)
 .ARM.attributes
                0x00000000000003a7       0x37 /Applications/lpcxpresso_7.3.0_186/lpcxpresso/tools/bin/../lib/gcc/arm-none-eabi/4.8.4/../../../../arm-none-eabi/lib/armv7e-m/softfp/libcr_c.a(initio.o)
 .ARM.attributes
                0x00000000000003de       0x37 /Applications/lpcxpresso_7.3.0_186/lpcxpresso/tools/bin/../lib/gcc/arm-none-eabi/4.8.4/../../../../arm-none-eabi/lib/armv7e-m/softfp/libcr_c.a(setvbuf.o)
 .ARM.attributes
                0x0000000000000415       0x37 /Applications/lpcxpresso_7.3.0_186/lpcxpresso/tools/bin/../lib/gcc/arm-none-eabi/4.8.4/../../../../arm-none-eabi/lib/armv7e-m/softfp/libcr_c.a(stdio.o)
 .ARM.attributes
                0x000000000000044c       0x37 /Applications/lpcxpresso_7.3.0_186/lpcxpresso/tools/bin/../lib/gcc/arm-none-eabi/4.8.4/../../../../arm-none-eabi/lib/armv7e-m/softfp/libcr_c.a(memset.o)
 .ARM.attributes
                0x0000000000000483       0x37 /Applications/lpcxpresso_7.3.0_186/lpcxpresso/tools/bin/../lib/gcc/arm-none-eabi/4.8.4/../../../../arm-none-eabi/lib/armv7e-m/softfp/libcr_c.a(_deferredlazyseek.o)
 .ARM.attributes
                0x00000000000004ba       0x37 /Applications/lpcxpresso_7.3.0_186/lpcxpresso/tools/bin/../lib/gcc/arm-none-eabi/4.8.4/../../../../arm-none-eabi/lib/armv7e-m/softfp/libcr_c.a(_fdopen.o)
 .ARM.attributes
                0x00000000000004f1       0x37 /Applications/lpcxpresso_7.3.0_186/lpcxpresso/tools/bin/../lib/gcc/arm-none-eabi/4.8.4/../../../../arm-none-eabi/lib/armv7e-m/softfp/libcr_c.a(_fflush.o)
 .ARM.attributes
                0x0000000000000528       0x37 /Applications/lpcxpresso_7.3.0_186/lpcxpresso/tools/bin/../lib/gcc/arm-none-eabi/4.8.4/../../../../arm-none-eabi/lib/armv7e-m/softfp/libcr_c.a(_writebuf.o)
 .ARM.attributes
                0x000000000000055f       0x37 /Applications/lpcxpresso_7.3.0_186/lpcxpresso/tools/bin/../lib/gcc/arm-none-eabi/4.8.4/../../../../arm-none-eabi/lib/armv7e-m/softfp/libcr_c.a(alloc.o)
 .ARM.attributes
                0x0000000000000596       0x37 /Applications/lpcxpresso_7.3.0_186/lpcxpresso/tools/bin/../lib/gcc/arm-none-eabi/4.8.4/../../../../arm-none-eabi/lib/armv7e-m/softfp/libcr_c.a(fclose.o)
 .ARM.attributes
                0x00000000000005cd       0x37 /Applications/lpcxpresso_7.3.0_186/lpcxpresso/tools/bin/../lib/gcc/arm-none-eabi/4.8.4/../../../../arm-none-eabi/lib/armv7e-m/softfp/libcr_c.a(fflush.o)
 .ARM.attributes
                0x0000000000000604       0x37 /Applications/lpcxpresso_7.3.0_186/lpcxpresso/tools/bin/../lib/gcc/arm-none-eabi/4.8.4/../../../../arm-none-eabi/lib/armv7e-m/softfp/libcr_c.a(fseek.o)
 .ARM.attributes
                0x000000000000063b       0x37 /Applications/lpcxpresso_7.3.0_186/lpcxpresso/tools/bin/../lib/gcc/arm-none-eabi/4.8.4/../../../../arm-none-eabi/lib/armv7e-m/softfp/libcr_c.a(ftell.o)
 .ARM.attributes
                0x0000000000000672       0x37 /Applications/lpcxpresso_7.3.0_186/lpcxpresso/tools/bin/../lib/gcc/arm-none-eabi/4.8.4/../../../../arm-none-eabi/lib/armv7e-m/softfp/libcr_c.a(remove.o)
 .ARM.attributes
                0x00000000000006a9       0x37 /Applications/lpcxpresso_7.3.0_186/lpcxpresso/tools/bin/../lib/gcc/arm-none-eabi/4.8.4/../../../../arm-none-eabi/lib/armv7e-m/softfp/libcr_c.a(strlen.o)
 .ARM.attributes
                0x00000000000006e0       0x37 /Applications/lpcxpresso_7.3.0_186/lpcxpresso/tools/bin/../lib/gcc/arm-none-eabi/4.8.4/../../../../arm-none-eabi/lib/armv7e-m/softfp/libcr_c.a(__init_alloc.o)
 .ARM.attributes
                0x0000000000000717       0x37 /Applications/lpcxpresso_7.3.0_186/lpcxpresso/tools/bin/../lib/gcc/arm-none-eabi/4.8.4/../../../../arm-none-eabi/lib/armv7e-m/softfp/libcr_c.a(_cr_sbrk.o)
 .ARM.attributes
                0x000000000000074e       0x37 /Applications/lpcxpresso_7.3.0_186/lpcxpresso/tools/bin/../lib/gcc/arm-none-eabi/4.8.4/../../../../arm-none-eabi/lib/armv7e-m/softfp/libcr_c.a(_do_fflush.o)
 .ARM.attributes
                0x0000000000000785       0x37 /Applications/lpcxpresso_7.3.0_186/lpcxpresso/tools/bin/../lib/gcc/arm-none-eabi/4.8.4/../../../../arm-none-eabi/lib/armv7e-m/softfp/libcr_c.a(errno.o)
 .ARM.attributes
                0x00000000000007bc       0x37 /Applications/lpcxpresso_7.3.0_186/lpcxpresso/tools/bin/../lib/gcc/arm-none-eabi/4.8.4/../../../../arm-none-eabi/lib/armv7e-m/softfp/libcr_c.a(_cr_check_heap.o)
 .ARM.attributes
                0x00000000000007f3       0x25 /Applications/lpcxpresso_7.3.0_186/lpcxpresso/tools/bin/../lib/gcc/arm-none-eabi/4.8.4/armv7e-m/softfp/libcr_eabihelpers.a(memcpy.o)
 .ARM.attributes
                0x0000000000000818       0x25 /Applications/lpcxpresso_7.3.0_186/lpcxpresso/tools/bin/../lib/gcc/arm-none-eabi/4.8.4/../../../../arm-none-eabi/lib/armv7e-m/softfp/libcr_semihost.a(__sys_appexit.o)
 .ARM.attributes
                0x000000000000083d       0x25 /Applications/lpcxpresso_7.3.0_186/lpcxpresso/tools/bin/../lib/gcc/arm-none-eabi/4.8.4/../../../../arm-none-eabi/lib/armv7e-m/softfp/libcr_semihost.a(__sys_close.o)
 .ARM.attributes
                0x0000000000000862       0x25 /Applications/lpcxpresso_7.3.0_186/lpcxpresso/tools/bin/../lib/gcc/arm-none-eabi/4.8.4/../../../../arm-none-eabi/lib/armv7e-m/softfp/libcr_semihost.a(__sys_flen.o)
 .ARM.attributes
                0x0000000000000887       0x25 /Applications/lpcxpresso_7.3.0_186/lpcxpresso/tools/bin/../lib/gcc/arm-none-eabi/4.8.4/../../../../arm-none-eabi/lib/armv7e-m/softfp/libcr_semihost.a(__sys_istty.o)
 .ARM.attributes
                0x00000000000008ac       0x25 /Applications/lpcxpresso_7.3.0_186/lpcxpresso/tools/bin/../lib/gcc/arm-none-eabi/4.8.4/../../../../arm-none-eabi/lib/armv7e-m/softfp/libcr_semihost.a(__sys_remove.o)
 .ARM.attributes
                0x00000000000008d1       0x25 /Applications/lpcxpresso_7.3.0_186/lpcxpresso/tools/bin/../lib/gcc/arm-none-eabi/4.8.4/../../../../arm-none-eabi/lib/armv7e-m/softfp/libcr_semihost.a(__sys_seek.o)
 .ARM.attributes
                0x00000000000008f6       0x25 /Applications/lpcxpresso_7.3.0_186/lpcxpresso/tools/bin/../lib/gcc/arm-none-eabi/4.8.4/../../../../arm-none-eabi/lib/armv7e-m/softfp/libcr_semihost.a(__sys_tmpnam.o)
 .ARM.attributes
                0x000000000000091b       0x25 /Applications/lpcxpresso_7.3.0_186/lpcxpresso/tools/bin/../lib/gcc/arm-none-eabi/4.8.4/../../../../arm-none-eabi/lib/armv7e-m/softfp/libcr_semihost.a(__sys_write.o)

.debug_frame    0x0000000000000000      0xdc8
 .debug_frame   0x0000000000000000      0x1d0 ./src/FinalProject.o
 .debug_frame   0x00000000000001d0       0xf4 ./src/cr_startup_lpc407x_8x.o
 .debug_frame   0x00000000000002c4       0x28 ./src/sysinit.o
 .debug_frame   0x00000000000002ec      0x30c /Users/alphajun/Documents/LPCXpresso_7.3.0/workspace/lpc_board_ea_devkit_4088/Debug/liblpc_board_ea_devkit_4088.a(board.o)
 .debug_frame   0x00000000000005f8       0x78 /Users/alphajun/Documents/LPCXpresso_7.3.0/workspace/lpc_board_ea_devkit_4088/Debug/liblpc_board_ea_devkit_4088.a(board_sysinit.o)
 .debug_frame   0x0000000000000670       0x40 /Users/alphajun/Documents/LPCXpresso_7.3.0/workspace/lpc_chip_40xx/Debug/liblpc_chip_40xx.a(chip_17xx_40xx.o)
 .debug_frame   0x00000000000006b0      0x1d8 /Users/alphajun/Documents/LPCXpresso_7.3.0/workspace/lpc_chip_40xx/Debug/liblpc_chip_40xx.a(clock_17xx_40xx.o)
 .debug_frame   0x0000000000000888       0xf4 /Users/alphajun/Documents/LPCXpresso_7.3.0/workspace/lpc_chip_40xx/Debug/liblpc_chip_40xx.a(emc_17xx_40xx.o)
 .debug_frame   0x000000000000097c       0x24 /Users/alphajun/Documents/LPCXpresso_7.3.0/workspace/lpc_chip_40xx/Debug/liblpc_chip_40xx.a(fpu_init.o)
 .debug_frame   0x00000000000009a0       0x2c /Users/alphajun/Documents/LPCXpresso_7.3.0/workspace/lpc_chip_40xx/Debug/liblpc_chip_40xx.a(iocon_17xx_40xx.o)
 .debug_frame   0x00000000000009cc      0x108 /Users/alphajun/Documents/LPCXpresso_7.3.0/workspace/lpc_chip_40xx/Debug/liblpc_chip_40xx.a(rtc_17xx_40xx.o)
 .debug_frame   0x0000000000000ad4       0x30 /Users/alphajun/Documents/LPCXpresso_7.3.0/workspace/lpc_chip_40xx/Debug/liblpc_chip_40xx.a(sysctl_17xx_40xx.o)
 .debug_frame   0x0000000000000b04       0x58 /Users/alphajun/Documents/LPCXpresso_7.3.0/workspace/lpc_chip_40xx/Debug/liblpc_chip_40xx.a(sysinit_17xx_40xx.o)
 .debug_frame   0x0000000000000b5c       0x7c /Users/alphajun/Documents/LPCXpresso_7.3.0/workspace/lpc_chip_40xx/Debug/liblpc_chip_40xx.a(timer_17xx_40xx.o)
 .debug_frame   0x0000000000000bd8      0x1f0 /Users/alphajun/Documents/LPCXpresso_7.3.0/workspace/lpc_chip_40xx/Debug/liblpc_chip_40xx.a(uart_17xx_40xx.o)
